Archive member included to satisfy reference by file (symbol)

d:/mounriver/mounriver_studio/toolchain/risc-v embedded gcc/bin/../lib/gcc/riscv-none-embed/8.2.0/rv32imac/ilp32\libgcc.a(muldf3.o)
                              ./CODE/car_ultrasonic.o (__muldf3)
d:/mounriver/mounriver_studio/toolchain/risc-v embedded gcc/bin/../lib/gcc/riscv-none-embed/8.2.0/rv32imac/ilp32\libgcc.a(floatunsidf.o)
                              ./CODE/car_ultrasonic.o (__floatunsidf)
d:/mounriver/mounriver_studio/toolchain/risc-v embedded gcc/bin/../lib/gcc/riscv-none-embed/8.2.0/rv32imac/ilp32\libgcc.a(mulsf3.o)
                              ./CODE/car_electromagnetic_board.o (__mulsf3)
d:/mounriver/mounriver_studio/toolchain/risc-v embedded gcc/bin/../lib/gcc/riscv-none-embed/8.2.0/rv32imac/ilp32\libgcc.a(floatunsisf.o)
                              ./CODE/car_electromagnetic_board.o (__floatunsisf)
d:/mounriver/mounriver_studio/toolchain/risc-v embedded gcc/bin/../lib/gcc/riscv-none-embed/8.2.0/rv32imac/ilp32\libgcc.a(truncdfsf2.o)
                              ./CODE/car_ultrasonic.o (__truncdfsf2)
d:/mounriver/mounriver_studio/toolchain/risc-v embedded gcc/bin/../lib/gcc/riscv-none-embed/8.2.0/rv32imac/ilp32\libgcc.a(_clzsi2.o)
                              d:/mounriver/mounriver_studio/toolchain/risc-v embedded gcc/bin/../lib/gcc/riscv-none-embed/8.2.0/rv32imac/ilp32\libgcc.a(muldf3.o) (__clzsi2)
d:/mounriver/mounriver_studio/toolchain/risc-v embedded gcc/bin/../lib/gcc/riscv-none-embed/8.2.0/rv32imac/ilp32\libgcc.a(_clz.o)
                              d:/mounriver/mounriver_studio/toolchain/risc-v embedded gcc/bin/../lib/gcc/riscv-none-embed/8.2.0/rv32imac/ilp32\libgcc.a(_clzsi2.o) (__clz_tab)
d:/mounriver/mounriver_studio/toolchain/risc-v embedded gcc/bin/../lib/gcc/riscv-none-embed/8.2.0/../../../../riscv-none-embed/lib/rv32imac/ilp32\libg_nano.a(lib_a-assert.o)
                              ./hefei_libraries/hf_adc.o (__assert_func)
d:/mounriver/mounriver_studio/toolchain/risc-v embedded gcc/bin/../lib/gcc/riscv-none-embed/8.2.0/../../../../riscv-none-embed/lib/rv32imac/ilp32\libg_nano.a(lib_a-fprintf.o)
                              d:/mounriver/mounriver_studio/toolchain/risc-v embedded gcc/bin/../lib/gcc/riscv-none-embed/8.2.0/../../../../riscv-none-embed/lib/rv32imac/ilp32\libg_nano.a(lib_a-assert.o) (fiprintf)
d:/mounriver/mounriver_studio/toolchain/risc-v embedded gcc/bin/../lib/gcc/riscv-none-embed/8.2.0/../../../../riscv-none-embed/lib/rv32imac/ilp32\libg_nano.a(lib_a-impure.o)
                              d:/mounriver/mounriver_studio/toolchain/risc-v embedded gcc/bin/../lib/gcc/riscv-none-embed/8.2.0/../../../../riscv-none-embed/lib/rv32imac/ilp32\libg_nano.a(lib_a-assert.o) (_impure_ptr)
d:/mounriver/mounriver_studio/toolchain/risc-v embedded gcc/bin/../lib/gcc/riscv-none-embed/8.2.0/../../../../riscv-none-embed/lib/rv32imac/ilp32\libg_nano.a(lib_a-nano-vfprintf.o)
                              d:/mounriver/mounriver_studio/toolchain/risc-v embedded gcc/bin/../lib/gcc/riscv-none-embed/8.2.0/../../../../riscv-none-embed/lib/rv32imac/ilp32\libg_nano.a(lib_a-fprintf.o) (_vfprintf_r)
d:/mounriver/mounriver_studio/toolchain/risc-v embedded gcc/bin/../lib/gcc/riscv-none-embed/8.2.0/../../../../riscv-none-embed/lib/rv32imac/ilp32\libg_nano.a(lib_a-nano-vfprintf_i.o)
                              d:/mounriver/mounriver_studio/toolchain/risc-v embedded gcc/bin/../lib/gcc/riscv-none-embed/8.2.0/../../../../riscv-none-embed/lib/rv32imac/ilp32\libg_nano.a(lib_a-nano-vfprintf.o) (_printf_i)
d:/mounriver/mounriver_studio/toolchain/risc-v embedded gcc/bin/../lib/gcc/riscv-none-embed/8.2.0/../../../../riscv-none-embed/lib/rv32imac/ilp32\libg_nano.a(lib_a-printf.o)
                              ./hefei_peripheral/hf_rtc.o (printf)
d:/mounriver/mounriver_studio/toolchain/risc-v embedded gcc/bin/../lib/gcc/riscv-none-embed/8.2.0/../../../../riscv-none-embed/lib/rv32imac/ilp32\libg_nano.a(lib_a-puts.o)
                              ./hefei_peripheral/hf_rtc.o (puts)
d:/mounriver/mounriver_studio/toolchain/risc-v embedded gcc/bin/../lib/gcc/riscv-none-embed/8.2.0/../../../../riscv-none-embed/lib/rv32imac/ilp32\libg_nano.a(lib_a-wbuf.o)
                              d:/mounriver/mounriver_studio/toolchain/risc-v embedded gcc/bin/../lib/gcc/riscv-none-embed/8.2.0/../../../../riscv-none-embed/lib/rv32imac/ilp32\libg_nano.a(lib_a-nano-vfprintf.o) (__swbuf_r)
d:/mounriver/mounriver_studio/toolchain/risc-v embedded gcc/bin/../lib/gcc/riscv-none-embed/8.2.0/../../../../riscv-none-embed/lib/rv32imac/ilp32\libg_nano.a(lib_a-wsetup.o)
                              d:/mounriver/mounriver_studio/toolchain/risc-v embedded gcc/bin/../lib/gcc/riscv-none-embed/8.2.0/../../../../riscv-none-embed/lib/rv32imac/ilp32\libg_nano.a(lib_a-nano-vfprintf.o) (__swsetup_r)
d:/mounriver/mounriver_studio/toolchain/risc-v embedded gcc/bin/../lib/gcc/riscv-none-embed/8.2.0/../../../../riscv-none-embed/lib/rv32imac/ilp32\libg_nano.a(lib_a-abort.o)
[...]
Memory Configuration

Name             Origin             Length             Attributes
FLASH            0x0000000000000000 0x0000000000010000 xr
RAM              0x0000000020000000 0x0000000000005000 xrw
*default*        0x0000000000000000 0xffffffffffffffff

Linker script and memory map

LOAD ./user_c/isr.o
LOAD ./user_c/main.o
LOAD ./hefei_peripheral/HF_L9110S_2.o
LOAD ./hefei_peripheral/hf_HC_SR04.o
LOAD ./hefei_peripheral/hf_ds18b20.o
LOAD ./hefei_peripheral/hf_rtc.o
LOAD ./hefei_peripheral/hf_rtc_sim_iic.o
LOAD ./hefei_peripheral/hf_tm1637.o
LOAD ./hefei_peripheral/hf_ws2812.o
LOAD ./hefei_libraries/board/board.o
LOAD ./hefei_libraries/board/clock_config.o
LOAD ./hefei_libraries/board/misc.o
LOAD ./hefei_libraries/common.o
LOAD ./hefei_libraries/delay.o
LOAD ./hefei_libraries/hf_adc.o
LOAD ./hefei_libraries/hf_dma.o
LOAD ./hefei_libraries/hf_encoder.o
LOAD ./hefei_libraries/hf_exti.o
LOAD ./hefei_libraries/hf_flash.o
LOAD ./hefei_libraries/hf_gpio.o
LOAD ./hefei_libraries/hf_i2c_hardware.o
LOAD ./hefei_libraries/hf_i2c_software.o
LOAD ./hefei_libraries/hf_nvic.o
LOAD ./hefei_libraries/hf_pit.o
LOAD ./hefei_libraries/hf_pwm.o
LOAD ./hefei_libraries/hf_spi.o
LOAD ./hefei_libraries/hf_systick.o
LOAD ./hefei_libraries/hf_tim.o
LOAD ./hefei_libraries/hf_uart.o
LOAD ./CODE/car_Buzzer.o
LOAD ./CODE/car_electromagnetic_board.o
LOAD ./CODE/car_four_keys.o
LOAD ./CODE/car_init.o
LOAD ./CODE/car_led_display.o
LOAD ./CODE/car_light.o
LOAD ./CODE/car_motion.o
LOAD ./CODE/car_reed_switch.o
LOAD ./CODE/car_ultrasonic.o
LOAD ./CH32V10x/Core/core_riscv.o
LOAD ./CH32V10x/CH32V10x_p/Startup/startup_ch32v10x.o
LOAD ./CH32V10x/CH32V10x_p/CH32V10x_Lib/ch32v10x_adc.o
LOAD ./CH32V10x/CH32V10x_p/CH32V10x_Lib/ch32v10x_bkp.o
LOAD ./CH32V10x/CH32V10x_p/CH32V10x_Lib/ch32v10x_crc.o
LOAD ./CH32V10x/CH32V10x_p/CH32V10x_Lib/ch32v10x_dbgmcu.o
LOAD ./CH32V10x/CH32V10x_p/CH32V10x_Lib/ch32v10x_dma.o
LOAD ./CH32V10x/CH32V10x_p/CH32V10x_Lib/ch32v10x_exti.o
LOAD ./CH32V10x/CH32V10x_p/CH32V10x_Lib/ch32v10x_flash.o
LOAD ./CH32V10x/CH32V10x_p/CH32V10x_Lib/ch32v10x_gpio.o
LOAD ./CH32V10x/CH32V10x_p/CH32V10x_Lib/ch32v10x_i2c.o
LOAD ./CH32V10x/CH32V10x_p/CH32V10x_Lib/ch32v10x_iwdg.o
LOAD ./CH32V10x/CH32V10x_p/CH32V10x_Lib/ch32v10x_misc.o
LOAD ./CH32V10x/CH32V10x_p/CH32V10x_Lib/ch32v10x_pwr.o
LOAD ./CH32V10x/CH32V10x_p/CH32V10x_Lib/ch32v10x_rcc.o
LOAD ./CH32V10x/CH32V10x_p/CH32V10x_Lib/ch32v10x_rtc.o
LOAD ./CH32V10x/CH32V10x_p/CH32V10x_Lib/ch32v10x_spi.o
LOAD ./CH32V10x/CH32V10x_p/CH32V10x_Lib/ch32v10x_tim.o
LOAD ./CH32V10x/CH32V10x_p/CH32V10x_Lib/ch32v10x_usart.o
LOAD ./CH32V10x/CH32V10x_p/CH32V10x_Lib/ch32v10x_usb.o
LOAD ./CH32V10x/CH32V10x_p/CH32V10x_Lib/ch32v10x_usb_host.o
LOAD ./CH32V10x/CH32V10x_p/CH32V10x_Lib/ch32v10x_wwdg.o
LOAD d:/mounriver/mounriver_studio/toolchain/risc-v embedded gcc/bin/../lib/gcc/riscv-none-embed/8.2.0/rv32imac/ilp32\libgcc.a
LOAD d:/mounriver/mounriver_studio/toolchain/risc-v embedded gcc/bin/../lib/gcc/riscv-none-embed/8.2.0/../../../../riscv-none-embed/lib/rv32imac/ilp32\libg_nano.a
LOAD d:/mounriver/mounriver_studio/toolchain/risc-v embedded gcc/bin/../lib/gcc/riscv-none-embed/8.2.0/../../../../riscv-none-embed/lib/rv32imac/ilp32\libc_nano.a
LOAD d:/mounriver/mounriver_studio/toolchain/risc-v embedded gcc/bin/../lib/gcc/riscv-none-embed/8.2.0/rv32imac/ilp32\libgcc.a
START GROUP
LOAD d:/mounriver/mounriver_studio/toolchain/risc-v embedded gcc/bin/../lib/gcc/riscv-none-embed/8.2.0/rv32imac/ilp32\libgcc.a
LOAD d:/mounriver/mounriver_studio/toolchain/risc-v embedded gcc/bin/../lib/gcc/riscv-none-embed/8.2.0/../../../../riscv-none-embed/lib/rv32imac/ilp32\libc_nano.a
LOAD d:/mounriver/mounriver_studio/toolchain/risc-v embedded gcc/bin/../lib/gcc/riscv-none-embed/8.2.0/../../../../riscv-none-embed/lib/rv32imac/ilp32\libnosys.a
END GROUP
START GROUP
LOAD d:/mounriver/mounriver_studio/toolchain/risc-v embedded gcc/bin/../lib/gcc/riscv-none-embed/8.2.0/rv32imac/ilp32\libgcc.a
LOAD d:/mounriver/mounriver_studio/toolchain/risc-v embedded gcc/bin/../lib/gcc/riscv-none-embed/8.2.0/../../../../riscv-none-embed/lib/rv32imac/ilp32\libc_nano.a
LOAD d:/mounriver/mounriver_studio/toolchain/risc-v embedded gcc/bin/../lib/gcc/riscv-none-embed/8.2.0/../../../../riscv-none-embed/lib/rv32imac/ilp32\libnosys.a
END GROUP
                0x0000000000000800                __stack_size = 0x800
                [!provide]                        PROVIDE (_stack_size = __stack_size)

.init           0x0000000000000000       0x38
                0x0000000000000000                _sinit = .
                0x0000000000000000                . = ALIGN (0x4)
 *(SORT_NONE(.init))
 .init          0x0000000000000000       0x38 ./CH32V10x/CH32V10x_p/Startup/startup_ch32v10x.o
                0x0000000000000000                _start
                0x0000000000000038                . = ALIGN (0x4)
                0x0000000000000038                _einit = .

.vector         0x0000000000000038      0x108
 *(.vector)
 .vector        0x0000000000000038       0xf0 ./CH32V10x/CH32V10x_p/Startup/startup_ch32v10x.o
                0x0000000000000140                . = ALIGN (0x40)
 *fill*         0x0000000000000128       0x18 

.text           0x0000000000000140     0x1658
                0x0000000000000140                . = ALIGN (0x4)
 *(.text)
 *(.text.*)
 .text.EXTI0_IRQHandler
                0x0000000000000140        0x4 ./user_c/isr.o
                0x0000000000000140                EXTI0_IRQHandler
 .text.EXTI1_IRQHandler
                0x0000000000000144       0x16 ./user_c/isr.o
                0x0000000000000144                EXTI1_IRQHandler
 .text.EXTI2_IRQHandler
                0x000000000000015a        0xa ./user_c/isr.o
                0x000000000000015a                EXTI2_IRQHandler
 .text.EXTI3_IRQHandler
                0x0000000000000164        0x4 ./user_c/isr.o
                0x0000000000000164                EXTI3_IRQHandler
 .text.EXTI4_IRQHandler
                0x0000000000000168        0x4 ./user_c/isr.o
                0x0000000000000168                EXTI4_IRQHandler
 .text.EXTI9_5_IRQHandler
                0x000000000000016c        0x4 ./user_c/isr.o
                0x000000000000016c                EXTI9_5_IRQHandler
 .text.EXTI15_10_IRQHandler
                0x0000000000000170        0x4 ./user_c/isr.o
                0x0000000000000170                EXTI15_10_IRQHandler
 .text.ADC1_2_IRQHandler
                0x0000000000000174        0x4 ./user_c/isr.o
                0x0000000000000174                ADC1_2_IRQHandler
 .text.TIM1_BRK_IRQHandler
                0x0000000000000178       0x2a ./user_c/isr.o
                0x0000000000000178                TIM1_BRK_IRQHandler
 .text.TIM1_UP_IRQHandler
                0x00000000000001a2       0x26 ./user_c/isr.o
                0x00000000000001a2                TIM1_UP_IRQHandler
 .text.TIM1_TRG_COM_IRQHandler
                0x00000000000001c8       0x48 ./user_c/isr.o
                0x00000000000001c8                TIM1_TRG_COM_IRQHandler
 .text.TIM1_CC_IRQHandler
                0x0000000000000210       0x74 ./user_c/isr.o
                0x0000000000000210                TIM1_CC_IRQHandler
 .text.TIM2_IRQHandler
                0x0000000000000284       0x1a ./user_c/isr.o
                0x0000000000000284                TIM2_IRQHandler
 .text.TIM3_IRQHandler
                0x000000000000029e       0x26 ./user_c/isr.o
                0x000000000000029e                TIM3_IRQHandler
 .text.TIM4_IRQHandler
                0x00000000000002c4       0x26 ./user_c/isr.o
                0x00000000000002c4                TIM4_IRQHandler
 .text.USART1_IRQHandler
                0x00000000000002ea        0x4 ./user_c/isr.o
                0x00000000000002ea                USART1_IRQHandler
 .text.USART2_IRQHandler
                0x00000000000002ee       0x2a ./user_c/isr.o
                0x00000000000002ee                USART2_IRQHandler
 .text.USART3_IRQHandler
                0x0000000000000318        0x4 ./user_c/isr.o
                0x0000000000000318                USART3_IRQHandler
 .text.DMA1_Channel1_IRQHandler
                0x000000000000031c        0x4 ./user_c/isr.o
                0x000000000000031c                DMA1_Channel1_IRQHandler
 .text.DMA1_Channel2_IRQHandler
                0x0000000000000320        0x4 ./user_c/isr.o
                0x0000000000000320                DMA1_Channel2_IRQHandler
 .text.DMA1_Channel3_IRQHandler
                0x0000000000000324        0x4 ./user_c/isr.o
                0x0000000000000324                DMA1_Channel3_IRQHandler
 .text.DMA1_Channel4_IRQHandler
                0x0000000000000328       0x16 ./user_c/isr.o
                0x0000000000000328                DMA1_Channel4_IRQHandler
 .text.DMA1_Channel5_IRQHandler
                0x000000000000033e        0x4 ./user_c/isr.o
                0x000000000000033e                DMA1_Channel5_IRQHandler
 .text.DMA1_Channel6_IRQHandler
                0x0000000000000342        0x4 ./user_c/isr.o
                0x0000000000000342                DMA1_Channel6_IRQHandler
 .text.DMA1_Channel7_IRQHandler
                0x0000000000000346        0x4 ./user_c/isr.o
                0x0000000000000346                DMA1_Channel7_IRQHandler
 .text.NMI_Handler
                0x000000000000034a        0x4 ./user_c/isr.o
                0x000000000000034a                NMI_Handler
 .text.HardFault_Handler
                0x000000000000034e        0x2 ./user_c/isr.o
                0x000000000000034e                HardFault_Handler
 .text.startup.main
                0x0000000000000350       0x52 ./user_c/main.o
                0x0000000000000350                main
 .text.l9110s_init
                0x00000000000003a2       0x54 ./hefei_peripheral/HF_L9110S_2.o
                0x00000000000003a2                l9110s_init
 .text.l9110s_forward
                0x00000000000003f6       0x32 ./hefei_peripheral/HF_L9110S_2.o
                0x00000000000003f6                l9110s_forward
 .text.l9110s_backward
                0x0000000000000428       0x3e ./hefei_peripheral/HF_L9110S_2.o
                0x0000000000000428                l9110s_backward
 .text.tim_init
                0x0000000000000466       0x2a ./hefei_peripheral/hf_HC_SR04.o
                0x0000000000000466                tim_init
 .text.ultrasonic_init
                0x0000000000000490       0x40 ./hefei_peripheral/hf_HC_SR04.o
                0x0000000000000490                ultrasonic_init
 .text.tm1637_init
                0x00000000000004d0       0x2c ./hefei_peripheral/hf_tm1637.o
                0x00000000000004d0                tm1637_init
 .text.ws2812b_init
                0x00000000000004fc       0x24 ./hefei_peripheral/hf_ws2812.o
                0x00000000000004fc                ws2812b_init
 .text.board_init
                0x0000000000000520       0x38 ./hefei_libraries/board/board.o
                0x0000000000000520                board_init
 .text.SystemInit
                0x0000000000000558      0x102 ./hefei_libraries/board/clock_config.o
                0x0000000000000558                SystemInit
 .text.Delay_Init
                0x000000000000065a       0x2a ./hefei_libraries/delay.o
                0x000000000000065a                Delay_Init
 .text.Delay_Ms
                0x0000000000000684       0x30 ./hefei_libraries/delay.o
                0x0000000000000684                Delay_Ms
 .text.exti_enable
                0x00000000000006b4       0x48 ./hefei_libraries/hf_exti.o
                0x00000000000006b4                exti_enable
 .text.gpio_init
                0x00000000000006fc       0xde ./hefei_libraries/hf_gpio.o
                0x00000000000006fc                gpio_init
 .text.close_all_irq
                0x00000000000007da       0x10 ./hefei_libraries/hf_nvic.o
                0x00000000000007da                close_all_irq
 .text.nvic_init
                0x00000000000007ea       0x52 ./hefei_libraries/hf_nvic.o
                0x00000000000007ea                nvic_init
 .text.DisableGlobalIRQ
                0x000000000000083c       0x2a ./hefei_libraries/hf_nvic.o
                0x000000000000083c                DisableGlobalIRQ
 .text.sys_recover_irq
                0x0000000000000866       0x1c ./hefei_libraries/hf_nvic.o
                0x0000000000000866                sys_recover_irq
 .text.EnableGlobalIRQ
                0x0000000000000882        0xa ./hefei_libraries/hf_nvic.o
                0x0000000000000882                EnableGlobalIRQ
 .text.pwm_duty
                0x000000000000088c       0x70 ./hefei_libraries/hf_pwm.o
                0x000000000000088c                pwm_duty
 .text.pwm_gpio_init
                0x00000000000008fc      0x23a ./hefei_libraries/hf_pwm.o
                0x00000000000008fc                pwm_gpio_init
 .text.pwm_init
                0x0000000000000b36      0x114 ./hefei_libraries/hf_pwm.o
                0x0000000000000b36                pwm_init
 .text.timbase_init
                0x0000000000000c4a       0x6a ./hefei_libraries/hf_tim.o
                0x0000000000000c4a                timbase_init
 .text.uart_gpio_init
                0x0000000000000cb4       0xae ./hefei_libraries/hf_uart.o
                0x0000000000000cb4                uart_gpio_init
 .text.uart_init
                0x0000000000000d62       0x78 ./hefei_libraries/hf_uart.o
                0x0000000000000d62                uart_init
 .text.car_init
                0x0000000000000dda       0x4e ./CODE/car_init.o
                0x0000000000000dda                car_init
 .text.car_forward
                0x0000000000000e28       0x22 ./CODE/car_motion.o
                0x0000000000000e28                car_forward
 .text.car_backward
                0x0000000000000e4a       0x22 ./CODE/car_motion.o
                0x0000000000000e4a                car_backward
 .text.car_stop
                0x0000000000000e6c       0x18 ./CODE/car_motion.o
                0x0000000000000e6c                car_stop
 .text.car_turnleft
                0x0000000000000e84       0x20 ./CODE/car_motion.o
                0x0000000000000e84                car_turnleft
 .text.car_turnright
                0x0000000000000ea4       0x20 ./CODE/car_motion.o
                0x0000000000000ea4                car_turnright
 .text.handle_reset
                0x0000000000000ec4       0x7a ./CH32V10x/CH32V10x_p/Startup/startup_ch32v10x.o
                0x0000000000000ec4                handle_reset
 .text.DMA_GetFlagStatus
                0x0000000000000f3e       0x20 ./CH32V10x/CH32V10x_p/CH32V10x_Lib/ch32v10x_dma.o
                0x0000000000000f3e                DMA_GetFlagStatus
 .text.DMA_ClearFlag
                0x0000000000000f5e       0x1a ./CH32V10x/CH32V10x_p/CH32V10x_Lib/ch32v10x_dma.o
                0x0000000000000f5e                DMA_ClearFlag
 .text.EXTI_Init
                0x0000000000000f78       0x6a ./CH32V10x/CH32V10x_p/CH32V10x_Lib/ch32v10x_exti.o
                0x0000000000000f78                EXTI_Init
 .text.EXTI_GetITStatus
                0x0000000000000fe2       0x1e ./CH32V10x/CH32V10x_p/CH32V10x_Lib/ch32v10x_exti.o
                0x0000000000000fe2                EXTI_GetITStatus
 .text.EXTI_ClearITPendingBit
                0x0000000000001000        0xa ./CH32V10x/CH32V10x_p/CH32V10x_Lib/ch32v10x_exti.o
                0x0000000000001000                EXTI_ClearITPendingBit
 .text.GPIO_Init
                0x000000000000100a       0xc2 ./CH32V10x/CH32V10x_p/CH32V10x_Lib/ch32v10x_gpio.o
                0x000000000000100a                GPIO_Init
 .text.GPIO_WriteBit
                0x00000000000010cc        0xa ./CH32V10x/CH32V10x_p/CH32V10x_Lib/ch32v10x_gpio.o
                0x00000000000010cc                GPIO_WriteBit
 .text.GPIO_EXTILineConfig
                0x00000000000010d6       0x2c ./CH32V10x/CH32V10x_p/CH32V10x_Lib/ch32v10x_gpio.o
                0x00000000000010d6                GPIO_EXTILineConfig
 .text.NVIC_Init
                0x0000000000001102       0x64 ./CH32V10x/CH32V10x_p/CH32V10x_Lib/ch32v10x_misc.o
                0x0000000000001102                NVIC_Init
 .text.RCC_GetClocksFreq
                0x0000000000001166       0xb4 ./CH32V10x/CH32V10x_p/CH32V10x_Lib/ch32v10x_rcc.o
                0x0000000000001166                RCC_GetClocksFreq
 .text.RCC_APB2PeriphClockCmd
                0x000000000000121a       0x1e ./CH32V10x/CH32V10x_p/CH32V10x_Lib/ch32v10x_rcc.o
                0x000000000000121a                RCC_APB2PeriphClockCmd
 .text.RCC_APB1PeriphClockCmd
                0x0000000000001238       0x1e ./CH32V10x/CH32V10x_p/CH32V10x_Lib/ch32v10x_rcc.o
                0x0000000000001238                RCC_APB1PeriphClockCmd
 .text.TIM_TimeBaseInit
                0x0000000000001256       0x78 ./CH32V10x/CH32V10x_p/CH32V10x_Lib/ch32v10x_tim.o
                0x0000000000001256                TIM_TimeBaseInit
 .text.TIM_OC1Init
                0x00000000000012ce       0x88 ./CH32V10x/CH32V10x_p/CH32V10x_Lib/ch32v10x_tim.o
                0x00000000000012ce                TIM_OC1Init
 .text.TIM_OC2Init
                0x0000000000001356       0xb4 ./CH32V10x/CH32V10x_p/CH32V10x_Lib/ch32v10x_tim.o
                0x0000000000001356                TIM_OC2Init
 .text.TIM_OC3Init
                0x000000000000140a       0xb2 ./CH32V10x/CH32V10x_p/CH32V10x_Lib/ch32v10x_tim.o
                0x000000000000140a                TIM_OC3Init
 .text.TIM_OC4Init
                0x00000000000014bc       0x82 ./CH32V10x/CH32V10x_p/CH32V10x_Lib/ch32v10x_tim.o
                0x00000000000014bc                TIM_OC4Init
 .text.TIM_Cmd  0x000000000000153e       0x1c ./CH32V10x/CH32V10x_p/CH32V10x_Lib/ch32v10x_tim.o
                0x000000000000153e                TIM_Cmd
 .text.TIM_CtrlPWMOutputs
                0x000000000000155a       0x16 ./CH32V10x/CH32V10x_p/CH32V10x_Lib/ch32v10x_tim.o
                0x000000000000155a                TIM_CtrlPWMOutputs
 .text.TIM_OC1PreloadConfig
                0x0000000000001570       0x12 ./CH32V10x/CH32V10x_p/CH32V10x_Lib/ch32v10x_tim.o
                0x0000000000001570                TIM_OC1PreloadConfig
 .text.TIM_OC2PreloadConfig
                0x0000000000001582       0x1a ./CH32V10x/CH32V10x_p/CH32V10x_Lib/ch32v10x_tim.o
                0x0000000000001582                TIM_OC2PreloadConfig
 .text.TIM_OC3PreloadConfig
                0x000000000000159c       0x12 ./CH32V10x/CH32V10x_p/CH32V10x_Lib/ch32v10x_tim.o
                0x000000000000159c                TIM_OC3PreloadConfig
 .text.TIM_OC4PreloadConfig
                0x00000000000015ae       0x1a ./CH32V10x/CH32V10x_p/CH32V10x_Lib/ch32v10x_tim.o
                0x00000000000015ae                TIM_OC4PreloadConfig
 .text.TIM_OC2PolarityConfig
                0x00000000000015c8       0x1a ./CH32V10x/CH32V10x_p/CH32V10x_Lib/ch32v10x_tim.o
                0x00000000000015c8                TIM_OC2PolarityConfig
 .text.TIM_ClearFlag
                0x00000000000015e2        0xe ./CH32V10x/CH32V10x_p/CH32V10x_Lib/ch32v10x_tim.o
                0x00000000000015e2                TIM_ClearFlag
 .text.TIM_GetITStatus
                0x00000000000015f0       0x1c ./CH32V10x/CH32V10x_p/CH32V10x_Lib/ch32v10x_tim.o
                0x00000000000015f0                TIM_GetITStatus
 .text.TIM_ClearITPendingBit
                0x000000000000160c        0xe ./CH32V10x/CH32V10x_p/CH32V10x_Lib/ch32v10x_tim.o
                0x000000000000160c                TIM_ClearITPendingBit
 .text.USART_Init
                0x000000000000161a       0xd8 ./CH32V10x/CH32V10x_p/CH32V10x_Lib/ch32v10x_usart.o
                0x000000000000161a                USART_Init
 .text.USART_Cmd
                0x00000000000016f2       0x1c ./CH32V10x/CH32V10x_p/CH32V10x_Lib/ch32v10x_usart.o
                0x00000000000016f2                USART_Cmd
 .text.USART_GetITStatus
                0x000000000000170e       0x44 ./CH32V10x/CH32V10x_p/CH32V10x_Lib/ch32v10x_usart.o
                0x000000000000170e                USART_GetITStatus
 .text.USART_ClearITPendingBit
                0x0000000000001752       0x16 ./CH32V10x/CH32V10x_p/CH32V10x_Lib/ch32v10x_usart.o
                0x0000000000001752                USART_ClearITPendingBit
 *(.rodata)
 *(.rodata*)
 *fill*         0x0000000000001768        0x0 
 .rodata.GPION  0x0000000000001768       0x10 ./hefei_libraries/hf_gpio.o
                0x0000000000001768                GPION
 .rodata.TIMERN
                0x0000000000001778       0x10 ./hefei_libraries/hf_tim.o
                0x0000000000001778                TIMERN
 .rodata.UARTN  0x0000000000001788       0x10 ./hefei_libraries/hf_uart.o
                0x0000000000001788                UARTN
 *(.glue_7)
 *(.glue_7t)
 *(.gnu.linkonce.t.*)
                0x0000000000001798                . = ALIGN (0x4)

.rela.dyn       0x0000000000001798        0x0
 .rela.init     0x0000000000001798        0x0 ./user_c/isr.o
 .rela.vector   0x0000000000001798        0x0 ./user_c/isr.o
 .rela.text.handle_reset
                0x0000000000001798        0x0 ./user_c/isr.o

.fini           0x0000000000001798        0x0
 *(SORT_NONE(.fini))
                0x0000000000001798                . = ALIGN (0x4)
                [!provide]                        PROVIDE (_etext = .)
                [!provide]                        PROVIDE (_eitcm = .)

.preinit_array  0x0000000000001798        0x0
                [!provide]                        PROVIDE (__preinit_array_start = .)
 *(.preinit_array)
                [!provide]                        PROVIDE (__preinit_array_end = .)

.init_array     0x0000000000001798        0x0
                [!provide]                        PROVIDE (__init_array_start = .)
 *(SORT_BY_INIT_PRIORITY(.init_array.*) SORT_BY_INIT_PRIORITY(.ctors.*))
 *(.init_array EXCLUDE_FILE(*crtend?.o *crtend.o *crtbegin?.o *crtbegin.o) .ctors)
                [!provide]                        PROVIDE (__init_array_end = .)

.fini_array     0x0000000000001798        0x0
                [!provide]                        PROVIDE (__fini_array_start = .)
 *(SORT_BY_INIT_PRIORITY(.fini_array.*) SORT_BY_INIT_PRIORITY(.dtors.*))
 *(.fini_array EXCLUDE_FILE(*crtend?.o *crtend.o *crtbegin?.o *crtbegin.o) .dtors)
                [!provide]                        PROVIDE (__fini_array_end = .)

.ctors
 *crtbegin.o(.ctors)
 *crtbegin?.o(.ctors)
 *(EXCLUDE_FILE(*crtend?.o *crtend.o) .ctors)
 *(SORT_BY_NAME(.ctors.*))
 *(.ctors)

.dtors
 *crtbegin.o(.dtors)
 *crtbegin?.o(.dtors)
 *(EXCLUDE_FILE(*crtend?.o *crtend.o) .dtors)
 *(SORT_BY_NAME(.dtors.*))
 *(.dtors)

.dalign         0x0000000020000000        0x0 load address 0x0000000000001798
                0x0000000020000000                . = ALIGN (0x4)
                0x0000000020000000                PROVIDE (_data_vma = .)

.dlalign        0x0000000000001798        0x0
                0x0000000000001798                . = ALIGN (0x4)
                0x0000000000001798                PROVIDE (_data_lma = .)

.data           0x0000000020000000       0x18 load address 0x0000000000001798
 *(.gnu.linkonce.r.*)
 *(.data .data.*)
 .data.APBAHBPrescTable
                0x0000000020000000       0x10 ./CH32V10x/CH32V10x_p/CH32V10x_Lib/ch32v10x_rcc.o
 *(.gnu.linkonce.d.*)
                0x0000000020000010                . = ALIGN (0x8)
                0x0000000020000810                PROVIDE (__global_pointer$ = (. + 0x800))
 *(.sdata .sdata.*)
 .sdata.ADCPrescTable
                0x0000000020000010        0x4 ./CH32V10x/CH32V10x_p/CH32V10x_Lib/ch32v10x_rcc.o
 *(.sdata2.*)
 *(.gnu.linkonce.s.*)
                0x0000000020000018                . = ALIGN (0x8)
 *fill*         0x0000000020000014        0x4 
 *(.srodata.cst16)
 *(.srodata.cst8)
 *(.srodata.cst4)
 *(.srodata.cst2)
 *(.srodata .srodata.*)
                0x0000000020000018                . = ALIGN (0x4)
                0x0000000020000018                PROVIDE (_edata = .)

.bss            0x0000000020000018       0x14 load address 0x00000000000017b0
                0x0000000020000018                . = ALIGN (0x4)
                0x0000000020000018                PROVIDE (_sbss = .)
 *(.sbss*)
 .sbss.sys_clk  0x0000000020000018        0x4 ./hefei_libraries/common.o
                0x0000000020000018                sys_clk
 .sbss.p_ms     0x000000002000001c        0x2 ./hefei_libraries/delay.o
 .sbss.p_us     0x000000002000001e        0x1 ./hefei_libraries/delay.o
 *(.gnu.linkonce.sb.*)
 *(.bss*)
 *fill*         0x000000002000001f        0x1 
 .bss.irq_status
                0x0000000020000020        0xc ./hefei_libraries/common.o
                0x0000000020000020                irq_status
 *(.gnu.linkonce.b.*)
 *(COMMON*)
                0x000000002000002c                . = ALIGN (0x4)
                0x000000002000002c                PROVIDE (_ebss = .)
                [!provide]                        PROVIDE (_end = _ebss)
                0x000000002000002c                PROVIDE (end = .)

.stack          0x0000000020004800      0x800
                0x0000000020004800                . = ALIGN (0x4)
                [!provide]                        PROVIDE (_susrstack = .)
                0x0000000020005000                . = (. + __stack_size)
 *fill*         0x0000000020004800      0x800 
                0x0000000020005000                PROVIDE (_eusrstack = .)
OUTPUT(Template.elf elf32-littleriscv)

.debug_info     0x0000000000000000    0x1597e
 .debug_info    0x0000000000000000     0x148d ./user_c/isr.o
 .debug_info    0x000000000000148d      0xdd0 ./user_c/main.o
 .debug_info    0x000000000000225d      0xee4 ./hefei_peripheral/HF_L9110S_2.o
 .debug_info    0x0000000000003141     0x147c ./hefei_peripheral/hf_HC_SR04.o
 .debug_info    0x00000000000045bd     0x1356 ./hefei_peripheral/hf_tm1637.o
 .debug_info    0x0000000000005913     0x11aa ./hefei_peripheral/hf_ws2812.o
 .debug_info    0x0000000000006abd      0xd2f ./hefei_libraries/board/board.o
 .debug_info    0x00000000000077ec      0x27c ./hefei_libraries/board/clock_config.o
 .debug_info    0x0000000000007a68      0x9e2 ./hefei_libraries/common.o
 .debug_info    0x000000000000844a      0xbab ./hefei_libraries/delay.o
 .debug_info    0x0000000000008ff5      0xdbd ./hefei_libraries/hf_exti.o
 .debug_info    0x0000000000009db2      0xf4c ./hefei_libraries/hf_gpio.o
 .debug_info    0x000000000000acfe      0xed8 ./hefei_libraries/hf_nvic.o
 .debug_info    0x000000000000bbd6     0x13f3 ./hefei_libraries/hf_pwm.o
 .debug_info    0x000000000000cfc9      0xdf9 ./hefei_libraries/hf_tim.o
 .debug_info    0x000000000000ddc2     0x1379 ./hefei_libraries/hf_uart.o
 .debug_info    0x000000000000f13b     0x1038 ./CODE/car_init.o
 .debug_info    0x0000000000010173      0xe06 ./CODE/car_motion.o
 .debug_info    0x0000000000010f79       0x22 ./CH32V10x/CH32V10x_p/Startup/startup_ch32v10x.o
 .debug_info    0x0000000000010f9b      0x451 ./CH32V10x/CH32V10x_p/CH32V10x_Lib/ch32v10x_dma.o
 .debug_info    0x00000000000113ec      0x353 ./CH32V10x/CH32V10x_p/CH32V10x_Lib/ch32v10x_exti.o
 .debug_info    0x000000000001173f      0x7e1 ./CH32V10x/CH32V10x_p/CH32V10x_Lib/ch32v10x_gpio.o
 .debug_info    0x0000000000011f20      0x56e ./CH32V10x/CH32V10x_p/CH32V10x_Lib/ch32v10x_misc.o
 .debug_info    0x000000000001248e      0x90a ./CH32V10x/CH32V10x_p/CH32V10x_Lib/ch32v10x_rcc.o
 .debug_info    0x0000000000012d98     0x20d2 ./CH32V10x/CH32V10x_p/CH32V10x_Lib/ch32v10x_tim.o
 .debug_info    0x0000000000014e6a      0xb14 ./CH32V10x/CH32V10x_p/CH32V10x_Lib/ch32v10x_usart.o

.debug_abbrev   0x0000000000000000     0x3deb
 .debug_abbrev  0x0000000000000000      0x2f5 ./user_c/isr.o
 .debug_abbrev  0x00000000000002f5      0x27b ./user_c/main.o
 .debug_abbrev  0x0000000000000570      0x2ab ./hefei_peripheral/HF_L9110S_2.o
 .debug_abbrev  0x000000000000081b      0x307 ./hefei_peripheral/hf_HC_SR04.o
 .debug_abbrev  0x0000000000000b22      0x2de ./hefei_peripheral/hf_tm1637.o
 .debug_abbrev  0x0000000000000e00      0x30b ./hefei_peripheral/hf_ws2812.o
 .debug_abbrev  0x000000000000110b      0x2c7 ./hefei_libraries/board/board.o
 .debug_abbrev  0x00000000000013d2      0x102 ./hefei_libraries/board/clock_config.o
 .debug_abbrev  0x00000000000014d4      0x1e7 ./hefei_libraries/common.o
 .debug_abbrev  0x00000000000016bb      0x24c ./hefei_libraries/delay.o
 .debug_abbrev  0x0000000000001907      0x285 ./hefei_libraries/hf_exti.o
 .debug_abbrev  0x0000000000001b8c      0x2f0 ./hefei_libraries/hf_gpio.o
 .debug_abbrev  0x0000000000001e7c      0x2ef ./hefei_libraries/hf_nvic.o
 .debug_abbrev  0x000000000000216b      0x2de ./hefei_libraries/hf_pwm.o
 .debug_abbrev  0x0000000000002449      0x2b3 ./hefei_libraries/hf_tim.o
 .debug_abbrev  0x00000000000026fc      0x30f ./hefei_libraries/hf_uart.o
 .debug_abbrev  0x0000000000002a0b      0x2a1 ./CODE/car_init.o
 .debug_abbrev  0x0000000000002cac      0x286 ./CODE/car_motion.o
 .debug_abbrev  0x0000000000002f32       0x12 ./CH32V10x/CH32V10x_p/Startup/startup_ch32v10x.o
 .debug_abbrev  0x0000000000002f44      0x1f7 ./CH32V10x/CH32V10x_p/CH32V10x_Lib/ch32v10x_dma.o
 .debug_abbrev  0x000000000000313b      0x1b6 ./CH32V10x/CH32V10x_p/CH32V10x_Lib/ch32v10x_exti.o
 .debug_abbrev  0x00000000000032f1      0x208 ./CH32V10x/CH32V10x_p/CH32V10x_Lib/ch32v10x_gpio.o
 .debug_abbrev  0x00000000000034f9      0x1ae ./CH32V10x/CH32V10x_p/CH32V10x_Lib/ch32v10x_misc.o
 .debug_abbrev  0x00000000000036a7      0x246 ./CH32V10x/CH32V10x_p/CH32V10x_Lib/ch32v10x_rcc.o
 .debug_abbrev  0x00000000000038ed      0x2fd ./CH32V10x/CH32V10x_p/CH32V10x_Lib/ch32v10x_tim.o
 .debug_abbrev  0x0000000000003bea      0x201 ./CH32V10x/CH32V10x_p/CH32V10x_Lib/ch32v10x_usart.o

.debug_aranges  0x0000000000000000      0xa58
 .debug_aranges
                0x0000000000000000       0x80 ./user_c/isr.o
 .debug_aranges
                0x0000000000000080       0x20 ./user_c/main.o
 .debug_aranges
                0x00000000000000a0       0x30 ./hefei_peripheral/HF_L9110S_2.o
 .debug_aranges
                0x00000000000000d0       0x30 ./hefei_peripheral/hf_HC_SR04.o
 .debug_aranges
                0x0000000000000100       0x50 ./hefei_peripheral/hf_tm1637.o
 .debug_aranges
                0x0000000000000150       0x28 ./hefei_peripheral/hf_ws2812.o
 .debug_aranges
                0x0000000000000178       0x28 ./hefei_libraries/board/board.o
 .debug_aranges
                0x00000000000001a0       0x20 ./hefei_libraries/board/clock_config.o
 .debug_aranges
                0x00000000000001c0       0x18 ./hefei_libraries/common.o
 .debug_aranges
                0x00000000000001d8       0x30 ./hefei_libraries/delay.o
 .debug_aranges
                0x0000000000000208       0x28 ./hefei_libraries/hf_exti.o
 .debug_aranges
                0x0000000000000230       0x40 ./hefei_libraries/hf_gpio.o
 .debug_aranges
                0x0000000000000270       0x40 ./hefei_libraries/hf_nvic.o
 .debug_aranges
                0x00000000000002b0       0x40 ./hefei_libraries/hf_pwm.o
 .debug_aranges
                0x00000000000002f0       0x20 ./hefei_libraries/hf_tim.o
 .debug_aranges
                0x0000000000000310       0x58 ./hefei_libraries/hf_uart.o
 .debug_aranges
                0x0000000000000368       0x20 ./CODE/car_init.o
 .debug_aranges
                0x0000000000000388       0x40 ./CODE/car_motion.o
 .debug_aranges
                0x00000000000003c8       0x30 ./CH32V10x/CH32V10x_p/Startup/startup_ch32v10x.o
 .debug_aranges
                0x00000000000003f8       0x60 ./CH32V10x/CH32V10x_p/CH32V10x_Lib/ch32v10x_dma.o
 .debug_aranges
                0x0000000000000458       0x50 ./CH32V10x/CH32V10x_p/CH32V10x_Lib/ch32v10x_exti.o
 .debug_aranges
                0x00000000000004a8       0xa0 ./CH32V10x/CH32V10x_p/CH32V10x_Lib/ch32v10x_gpio.o
 .debug_aranges
                0x0000000000000548       0x28 ./CH32V10x/CH32V10x_p/CH32V10x_Lib/ch32v10x_misc.o
 .debug_aranges
                0x0000000000000570      0x118 ./CH32V10x/CH32V10x_p/CH32V10x_Lib/ch32v10x_rcc.o
 .debug_aranges
                0x0000000000000688      0x2d0 ./CH32V10x/CH32V10x_p/CH32V10x_Lib/ch32v10x_tim.o
 .debug_aranges
                0x0000000000000958      0x100 ./CH32V10x/CH32V10x_p/CH32V10x_Lib/ch32v10x_usart.o

.debug_ranges   0x0000000000000000      0x950
 .debug_ranges  0x0000000000000000       0x70 ./user_c/isr.o
 .debug_ranges  0x0000000000000070       0x10 ./user_c/main.o
 .debug_ranges  0x0000000000000080       0x20 ./hefei_peripheral/HF_L9110S_2.o
 .debug_ranges  0x00000000000000a0       0x20 ./hefei_peripheral/hf_HC_SR04.o
 .debug_ranges  0x00000000000000c0       0x40 ./hefei_peripheral/hf_tm1637.o
 .debug_ranges  0x0000000000000100       0x18 ./hefei_peripheral/hf_ws2812.o
 .debug_ranges  0x0000000000000118       0x18 ./hefei_libraries/board/board.o
 .debug_ranges  0x0000000000000130       0x30 ./hefei_libraries/board/clock_config.o
 .debug_ranges  0x0000000000000160       0x20 ./hefei_libraries/delay.o
 .debug_ranges  0x0000000000000180       0x18 ./hefei_libraries/hf_exti.o
 .debug_ranges  0x0000000000000198       0x30 ./hefei_libraries/hf_gpio.o
 .debug_ranges  0x00000000000001c8       0x30 ./hefei_libraries/hf_nvic.o
 .debug_ranges  0x00000000000001f8       0x30 ./hefei_libraries/hf_pwm.o
 .debug_ranges  0x0000000000000228       0x10 ./hefei_libraries/hf_tim.o
 .debug_ranges  0x0000000000000238       0x48 ./hefei_libraries/hf_uart.o
 .debug_ranges  0x0000000000000280       0x10 ./CODE/car_init.o
 .debug_ranges  0x0000000000000290       0x30 ./CODE/car_motion.o
 .debug_ranges  0x00000000000002c0       0x28 ./CH32V10x/CH32V10x_p/Startup/startup_ch32v10x.o
 .debug_ranges  0x00000000000002e8       0x50 ./CH32V10x/CH32V10x_p/CH32V10x_Lib/ch32v10x_dma.o
 .debug_ranges  0x0000000000000338       0x40 ./CH32V10x/CH32V10x_p/CH32V10x_Lib/ch32v10x_exti.o
 .debug_ranges  0x0000000000000378       0x90 ./CH32V10x/CH32V10x_p/CH32V10x_Lib/ch32v10x_gpio.o
 .debug_ranges  0x0000000000000408       0x48 ./CH32V10x/CH32V10x_p/CH32V10x_Lib/ch32v10x_misc.o
 .debug_ranges  0x0000000000000450      0x108 ./CH32V10x/CH32V10x_p/CH32V10x_Lib/ch32v10x_rcc.o
 .debug_ranges  0x0000000000000558      0x308 ./CH32V10x/CH32V10x_p/CH32V10x_Lib/ch32v10x_tim.o
 .debug_ranges  0x0000000000000860       0xf0 ./CH32V10x/CH32V10x_p/CH32V10x_Lib/ch32v10x_usart.o

.debug_line     0x0000000000000000     0xcf83
 .debug_line    0x0000000000000000      0x7d0 ./user_c/isr.o
 .debug_line    0x00000000000007d0      0x438 ./user_c/main.o
 .debug_line    0x0000000000000c08      0x4ec ./hefei_peripheral/HF_L9110S_2.o
 .debug_line    0x00000000000010f4      0x586 ./hefei_peripheral/hf_HC_SR04.o
 .debug_line    0x000000000000167a      0x767 ./hefei_peripheral/hf_tm1637.o
 .debug_line    0x0000000000001de1      0x5af ./hefei_peripheral/hf_ws2812.o
 .debug_line    0x0000000000002390      0x490 ./hefei_libraries/board/board.o
 .debug_line    0x0000000000002820      0x4cc ./hefei_libraries/board/clock_config.o
 .debug_line    0x0000000000002cec      0x1bb ./hefei_libraries/common.o
 .debug_line    0x0000000000002ea7      0x45d ./hefei_libraries/delay.o
 .debug_line    0x0000000000003304      0x431 ./hefei_libraries/hf_exti.o
 .debug_line    0x0000000000003735      0x65f ./hefei_libraries/hf_gpio.o
 .debug_line    0x0000000000003d94      0x541 ./hefei_libraries/hf_nvic.o
 .debug_line    0x00000000000042d5      0x910 ./hefei_libraries/hf_pwm.o
 .debug_line    0x0000000000004be5      0x418 ./hefei_libraries/hf_tim.o
 .debug_line    0x0000000000004ffd      0x805 ./hefei_libraries/hf_uart.o
 .debug_line    0x0000000000005802      0x427 ./CODE/car_init.o
 .debug_line    0x0000000000005c29      0x51b ./CODE/car_motion.o
 .debug_line    0x0000000000006144      0x24a ./CH32V10x/CH32V10x_p/Startup/startup_ch32v10x.o
 .debug_line    0x000000000000638e      0x7c2 ./CH32V10x/CH32V10x_p/CH32V10x_Lib/ch32v10x_dma.o
 .debug_line    0x0000000000006b50      0x4ef ./CH32V10x/CH32V10x_p/CH32V10x_Lib/ch32v10x_exti.o
 .debug_line    0x000000000000703f      0xc16 ./CH32V10x/CH32V10x_p/CH32V10x_Lib/ch32v10x_gpio.o
 .debug_line    0x0000000000007c55      0x361 ./CH32V10x/CH32V10x_p/CH32V10x_Lib/ch32v10x_misc.o
 .debug_line    0x0000000000007fb6      0xf9b ./CH32V10x/CH32V10x_p/CH32V10x_Lib/ch32v10x_rcc.o
 .debug_line    0x0000000000008f51     0x30d0 ./CH32V10x/CH32V10x_p/CH32V10x_Lib/ch32v10x_tim.o
 .debug_line    0x000000000000c021      0xf62 ./CH32V10x/CH32V10x_p/CH32V10x_Lib/ch32v10x_usart.o

.debug_str      0x0000000000000000     0x37dc
 .debug_str     0x0000000000000000      0xc1b ./user_c/isr.o
                                        0xcaa (size before relaxing)
 .debug_str     0x0000000000000c1b       0x96 ./user_c/main.o
                                        0x8ac (size before relaxing)
 .debug_str     0x0000000000000cb1      0x1e3 ./hefei_peripheral/HF_L9110S_2.o
                                        0xa1e (size before relaxing)
 .debug_str     0x0000000000000e94      0x3ba ./hefei_peripheral/hf_HC_SR04.o
                                        0xd73 (size before relaxing)
 .debug_str     0x000000000000124e       0xee ./hefei_peripheral/hf_tm1637.o
                                        0x9be (size before relaxing)
 .debug_str     0x000000000000133c       0xa7 ./hefei_peripheral/hf_ws2812.o
                                        0xbba (size before relaxing)
 .debug_str     0x00000000000013e3      0x173 ./hefei_libraries/board/board.o
                                        0x830 (size before relaxing)
 .debug_str     0x0000000000001556       0xb0 ./hefei_libraries/board/clock_config.o
                                        0x2d5 (size before relaxing)
 .debug_str     0x0000000000001606       0x47 ./hefei_libraries/common.o
                                        0x654 (size before relaxing)
 .debug_str     0x000000000000164d       0xd0 ./hefei_libraries/delay.o
                                        0x72e (size before relaxing)
 .debug_str     0x000000000000171d      0x19e ./hefei_libraries/hf_exti.o
                                        0x82a (size before relaxing)
 .debug_str     0x00000000000018bb      0x1f7 ./hefei_libraries/hf_gpio.o
                                        0x88b (size before relaxing)
 .debug_str     0x0000000000001ab2      0x197 ./hefei_libraries/hf_nvic.o
                                        0xaa1 (size before relaxing)
 .debug_str     0x0000000000001c49      0x1ef ./hefei_libraries/hf_pwm.o
                                        0xb9c (size before relaxing)
 .debug_str     0x0000000000001e38      0x102 ./hefei_libraries/hf_tim.o
                                        0x903 (size before relaxing)
 .debug_str     0x0000000000001f3a      0x1c2 ./hefei_libraries/hf_uart.o
                                        0xc28 (size before relaxing)
 .debug_str     0x00000000000020fc       0x42 ./CODE/car_init.o
                                        0x9f2 (size before relaxing)
 .debug_str     0x000000000000213e       0x44 ./CODE/car_motion.o
                                        0x8c1 (size before relaxing)
 .debug_str     0x0000000000002182       0x67 ./CH32V10x/CH32V10x_p/Startup/startup_ch32v10x.o
                                         0xa7 (size before relaxing)
 .debug_str     0x00000000000021e9      0x234 ./CH32V10x/CH32V10x_p/CH32V10x_Lib/ch32v10x_dma.o
                                        0x439 (size before relaxing)
 .debug_str     0x000000000000241d       0xd1 ./CH32V10x/CH32V10x_p/CH32V10x_Lib/ch32v10x_exti.o
                                        0x3d3 (size before relaxing)
 .debug_str     0x00000000000024ee      0x22b ./CH32V10x/CH32V10x_p/CH32V10x_Lib/ch32v10x_gpio.o
                                        0x581 (size before relaxing)
 .debug_str     0x0000000000002719       0xc9 ./CH32V10x/CH32V10x_p/CH32V10x_Lib/ch32v10x_misc.o
                                        0x607 (size before relaxing)
 .debug_str     0x00000000000027e2      0x3d0 ./CH32V10x/CH32V10x_p/CH32V10x_Lib/ch32v10x_rcc.o
                                        0x6ab (size before relaxing)
 .debug_str     0x0000000000002bb2      0x8d7 ./CH32V10x/CH32V10x_p/CH32V10x_Lib/ch32v10x_tim.o
                                        0xec1 (size before relaxing)
 .debug_str     0x0000000000003489      0x353 ./CH32V10x/CH32V10x_p/CH32V10x_Lib/ch32v10x_usart.o
                                        0x75d (size before relaxing)

.comment        0x0000000000000000       0x33
 .comment       0x0000000000000000       0x33 ./user_c/isr.o
                                         0x34 (size before relaxing)
 .comment       0x0000000000000033       0x34 ./user_c/main.o
 .comment       0x0000000000000033       0x34 ./hefei_peripheral/HF_L9110S_2.o
 .comment       0x0000000000000033       0x34 ./hefei_peripheral/hf_HC_SR04.o
 .comment       0x0000000000000033       0x34 ./hefei_peripheral/hf_tm1637.o
 .comment       0x0000000000000033       0x34 ./hefei_peripheral/hf_ws2812.o
 .comment       0x0000000000000033       0x34 ./hefei_libraries/board/board.o
 .comment       0x0000000000000033       0x34 ./hefei_libraries/board/clock_config.o
 .comment       0x0000000000000033       0x34 ./hefei_libraries/common.o
 .comment       0x0000000000000033       0x34 ./hefei_libraries/delay.o
 .comment       0x0000000000000033       0x34 ./hefei_libraries/hf_exti.o
 .comment       0x0000000000000033       0x34 ./hefei_libraries/hf_gpio.o
 .comment       0x0000000000000033       0x34 ./hefei_libraries/hf_nvic.o
 .comment       0x0000000000000033       0x34 ./hefei_libraries/hf_pwm.o
 .comment       0x0000000000000033       0x34 ./hefei_libraries/hf_tim.o
 .comment       0x0000000000000033       0x34 ./hefei_libraries/hf_uart.o
 .comment       0x0000000000000033       0x34 ./CODE/car_init.o
 .comment       0x0000000000000033       0x34 ./CODE/car_motion.o
 .comment       0x0000000000000033       0x34 ./CH32V10x/CH32V10x_p/CH32V10x_Lib/ch32v10x_dma.o
 .comment       0x0000000000000033       0x34 ./CH32V10x/CH32V10x_p/CH32V10x_Lib/ch32v10x_exti.o
 .comment       0x0000000000000033       0x34 ./CH32V10x/CH32V10x_p/CH32V10x_Lib/ch32v10x_gpio.o
 .comment       0x0000000000000033       0x34 ./CH32V10x/CH32V10x_p/CH32V10x_Lib/ch32v10x_misc.o
 .comment       0x0000000000000033       0x34 ./CH32V10x/CH32V10x_p/CH32V10x_Lib/ch32v10x_rcc.o
 .comment       0x0000000000000033       0x34 ./CH32V10x/CH32V10x_p/CH32V10x_Lib/ch32v10x_tim.o
 .comment       0x0000000000000033       0x34 ./CH32V10x/CH32V10x_p/CH32V10x_Lib/ch32v10x_usart.o

.debug_frame    0x0000000000000000     0x1680
 .debug_frame   0x0000000000000000      0x214 ./user_c/isr.o
 .debug_frame   0x0000000000000214       0x2c ./user_c/main.o
 .debug_frame   0x0000000000000240       0x84 ./hefei_peripheral/HF_L9110S_2.o
 .debug_frame   0x00000000000002c4       0x6c ./hefei_peripheral/hf_HC_SR04.o
 .debug_frame   0x0000000000000330       0xdc ./hefei_peripheral/hf_tm1637.o
 .debug_frame   0x000000000000040c       0x60 ./hefei_peripheral/hf_ws2812.o
 .debug_frame   0x000000000000046c       0x50 ./hefei_libraries/board/board.o
 .debug_frame   0x00000000000004bc       0x2c ./hefei_libraries/board/clock_config.o
 .debug_frame   0x00000000000004e8       0x40 ./hefei_libraries/delay.o
 .debug_frame   0x0000000000000528       0x48 ./hefei_libraries/hf_exti.o
 .debug_frame   0x0000000000000570       0x90 ./hefei_libraries/hf_gpio.o
 .debug_frame   0x0000000000000600       0x78 ./hefei_libraries/hf_nvic.o
 .debug_frame   0x0000000000000678       0x84 ./hefei_libraries/hf_pwm.o
 .debug_frame   0x00000000000006fc       0x3c ./hefei_libraries/hf_tim.o
 .debug_frame   0x0000000000000738      0x120 ./hefei_libraries/hf_uart.o
 .debug_frame   0x0000000000000858       0x2c ./CODE/car_init.o
 .debug_frame   0x0000000000000884       0xa4 ./CODE/car_motion.o
 .debug_frame   0x0000000000000928       0xc0 ./CH32V10x/CH32V10x_p/CH32V10x_Lib/ch32v10x_dma.o
 .debug_frame   0x00000000000009e8       0x90 ./CH32V10x/CH32V10x_p/CH32V10x_Lib/ch32v10x_exti.o
 .debug_frame   0x0000000000000a78      0x140 ./CH32V10x/CH32V10x_p/CH32V10x_Lib/ch32v10x_gpio.o
 .debug_frame   0x0000000000000bb8       0x30 ./CH32V10x/CH32V10x_p/CH32V10x_Lib/ch32v10x_misc.o
 .debug_frame   0x0000000000000be8      0x220 ./CH32V10x/CH32V10x_p/CH32V10x_Lib/ch32v10x_rcc.o
 .debug_frame   0x0000000000000e08      0x668 ./CH32V10x/CH32V10x_p/CH32V10x_Lib/ch32v10x_tim.o
 .debug_frame   0x0000000000001470      0x210 ./CH32V10x/CH32V10x_p/CH32V10x_Lib/ch32v10x_usart.o

.debug_loc      0x0000000000000000     0x4a7d
 .debug_loc     0x0000000000000000      0x159 ./hefei_peripheral/HF_L9110S_2.o
 .debug_loc     0x0000000000000159       0x84 ./hefei_peripheral/hf_HC_SR04.o
 .debug_loc     0x00000000000001dd      0x107 ./hefei_peripheral/hf_tm1637.o
 .debug_loc     0x00000000000002e4       0x78 ./hefei_peripheral/hf_ws2812.o
 .debug_loc     0x000000000000035c       0xec ./hefei_libraries/board/board.o
 .debug_loc     0x0000000000000448       0x42 ./hefei_libraries/delay.o
 .debug_loc     0x000000000000048a       0x79 ./hefei_libraries/hf_exti.o
 .debug_loc     0x0000000000000503      0x488 ./hefei_libraries/hf_gpio.o
 .debug_loc     0x000000000000098b       0xd0 ./hefei_libraries/hf_nvic.o
 .debug_loc     0x0000000000000a5b      0x775 ./hefei_libraries/hf_pwm.o
 .debug_loc     0x00000000000011d0       0xcf ./hefei_libraries/hf_tim.o
 .debug_loc     0x000000000000129f      0x48c ./hefei_libraries/hf_uart.o
 .debug_loc     0x000000000000172b      0x183 ./CH32V10x/CH32V10x_p/CH32V10x_Lib/ch32v10x_dma.o
 .debug_loc     0x00000000000018ae      0x181 ./CH32V10x/CH32V10x_p/CH32V10x_Lib/ch32v10x_exti.o
 .debug_loc     0x0000000000001a2f      0x647 ./CH32V10x/CH32V10x_p/CH32V10x_Lib/ch32v10x_gpio.o
 .debug_loc     0x0000000000002076       0x4b ./CH32V10x/CH32V10x_p/CH32V10x_Lib/ch32v10x_misc.o
 .debug_loc     0x00000000000020c1      0x76c ./CH32V10x/CH32V10x_p/CH32V10x_Lib/ch32v10x_rcc.o
 .debug_loc     0x000000000000282d     0x1aa3 ./CH32V10x/CH32V10x_p/CH32V10x_Lib/ch32v10x_tim.o
 .debug_loc     0x00000000000042d0      0x7ad ./CH32V10x/CH32V10x_p/CH32V10x_Lib/ch32v10x_usart.o

.stabstr        0x0000000000000000      0x183
 .stabstr       0x0000000000000000      0x183 d:/mounriver/mounriver_studio/toolchain/risc-v embedded gcc/bin/../lib/gcc/riscv-none-embed/8.2.0/../../../../riscv-none-embed/lib/rv32imac/ilp32\libnosys.a(close.o)
