Archive member included to satisfy reference by file (symbol)

c:/mounriver/mounriver_studio/toolchain/risc-v embedded gcc/bin/../lib/gcc/riscv-none-embed/8.2.0/rv32imac/ilp32\libgcc.a(divdf3.o)
                              ./hefei_peripheral/HF_HC_SR04.o (__divdf3)
c:/mounriver/mounriver_studio/toolchain/risc-v embedded gcc/bin/../lib/gcc/riscv-none-embed/8.2.0/rv32imac/ilp32\libgcc.a(muldf3.o)
                              ./hefei_peripheral/HF_HC_SR04.o (__muldf3)
c:/mounriver/mounriver_studio/toolchain/risc-v embedded gcc/bin/../lib/gcc/riscv-none-embed/8.2.0/rv32imac/ilp32\libgcc.a(fixunsdfsi.o)
                              ./hefei_peripheral/HF_HC_SR04.o (__fixunsdfsi)
c:/mounriver/mounriver_studio/toolchain/risc-v embedded gcc/bin/../lib/gcc/riscv-none-embed/8.2.0/rv32imac/ilp32\libgcc.a(addsf3.o)
                              ./hefei_peripheral/HF_HC_SR04.o (__addsf3)
c:/mounriver/mounriver_studio/toolchain/risc-v embedded gcc/bin/../lib/gcc/riscv-none-embed/8.2.0/rv32imac/ilp32\libgcc.a(divsf3.o)
                              ./hefei_peripheral/HF_HC_SR04.o (__divsf3)
c:/mounriver/mounriver_studio/toolchain/risc-v embedded gcc/bin/../lib/gcc/riscv-none-embed/8.2.0/rv32imac/ilp32\libgcc.a(mulsf3.o)
                              ./hefei_peripheral/HF_HC_SR04.o (__mulsf3)
c:/mounriver/mounriver_studio/toolchain/risc-v embedded gcc/bin/../lib/gcc/riscv-none-embed/8.2.0/rv32imac/ilp32\libgcc.a(floatunsisf.o)
                              ./hefei_peripheral/HF_HC_SR04.o (__floatunsisf)
c:/mounriver/mounriver_studio/toolchain/risc-v embedded gcc/bin/../lib/gcc/riscv-none-embed/8.2.0/rv32imac/ilp32\libgcc.a(extendsfdf2.o)
                              ./hefei_peripheral/HF_HC_SR04.o (__extendsfdf2)
c:/mounriver/mounriver_studio/toolchain/risc-v embedded gcc/bin/../lib/gcc/riscv-none-embed/8.2.0/rv32imac/ilp32\libgcc.a(_clzsi2.o)
                              c:/mounriver/mounriver_studio/toolchain/risc-v embedded gcc/bin/../lib/gcc/riscv-none-embed/8.2.0/rv32imac/ilp32\libgcc.a(divdf3.o) (__clzsi2)
c:/mounriver/mounriver_studio/toolchain/risc-v embedded gcc/bin/../lib/gcc/riscv-none-embed/8.2.0/rv32imac/ilp32\libgcc.a(_clz.o)
                              c:/mounriver/mounriver_studio/toolchain/risc-v embedded gcc/bin/../lib/gcc/riscv-none-embed/8.2.0/rv32imac/ilp32\libgcc.a(_clzsi2.o) (__clz_tab)
c:/mounriver/mounriver_studio/toolchain/risc-v embedded gcc/bin/../lib/gcc/riscv-none-embed/8.2.0/../../../../riscv-none-embed/lib/rv32imac/ilp32\libg_nano.a(lib_a-assert.o)
                              ./hefei_libraries/hf_adc.o (__assert_func)
c:/mounriver/mounriver_studio/toolchain/risc-v embedded gcc/bin/../lib/gcc/riscv-none-embed/8.2.0/../../../../riscv-none-embed/lib/rv32imac/ilp32\libg_nano.a(lib_a-fprintf.o)
                              c:/mounriver/mounriver_studio/toolchain/risc-v embedded gcc/bin/../lib/gcc/riscv-none-embed/8.2.0/../../../../riscv-none-embed/lib/rv32imac/ilp32\libg_nano.a(lib_a-assert.o) (fiprintf)
c:/mounriver/mounriver_studio/toolchain/risc-v embedded gcc/bin/../lib/gcc/riscv-none-embed/8.2.0/../../../../riscv-none-embed/lib/rv32imac/ilp32\libg_nano.a(lib_a-impure.o)
                              c:/mounriver/mounriver_studio/toolchain/risc-v embedded gcc/bin/../lib/gcc/riscv-none-embed/8.2.0/../../../../riscv-none-embed/lib/rv32imac/ilp32\libg_nano.a(lib_a-assert.o) (_impure_ptr)
c:/mounriver/mounriver_studio/toolchain/risc-v embedded gcc/bin/../lib/gcc/riscv-none-embed/8.2.0/../../../../riscv-none-embed/lib/rv32imac/ilp32\libg_nano.a(lib_a-nano-vfprintf.o)
                              c:/mounriver/mounriver_studio/toolchain/risc-v embedded gcc/bin/../lib/gcc/riscv-none-embed/8.2.0/../../../../riscv-none-embed/lib/rv32imac/ilp32\libg_nano.a(lib_a-fprintf.o) (_vfprintf_r)
c:/mounriver/mounriver_studio/toolchain/risc-v embedded gcc/bin/../lib/gcc/riscv-none-embed/8.2.0/../../../../riscv-none-embed/lib/rv32imac/ilp32\libg_nano.a(lib_a-nano-vfprintf_i.o)
                              c:/mounriver/mounriver_studio/toolchain/risc-v embedded gcc/bin/../lib/gcc/riscv-none-embed/8.2.0/../../../../riscv-none-embed/lib/rv32imac/ilp32\libg_nano.a(lib_a-nano-vfprintf.o) (_printf_i)
c:/mounriver/mounriver_studio/toolchain/risc-v embedded gcc/bin/../lib/gcc/riscv-none-embed/8.2.0/../../../../riscv-none-embed/lib/rv32imac/ilp32\libg_nano.a(lib_a-wbuf.o)
                              c:/mounriver/mounriver_studio/toolchain/risc-v embedded gcc/bin/../lib/gcc/riscv-none-embed/8.2.0/../../../../riscv-none-embed/lib/rv32imac/ilp32\libg_nano.a(lib_a-nano-vfprintf.o) (__swbuf_r)
c:/mounriver/mounriver_studio/toolchain/risc-v embedded gcc/bin/../lib/gcc/riscv-none-embed/8.2.0/../../../../riscv-none-embed/lib/rv32imac/ilp32\libg_nano.a(lib_a-wsetup.o)
                              c:/mounriver/mounriver_studio/toolchain/risc-v embedded gcc/bin/../lib/gcc/riscv-none-embed/8.2.0/../../../../riscv-none-embed/lib/rv32imac/ilp32\libg_nano.a(lib_a-nano-vfprintf.o) (__swsetup_r)
[...]
Memory Configuration

Name             Origin             Length             Attributes
FLASH            0x0000000000000000 0x0000000000010000 xr
RAM              0x0000000020000000 0x0000000000005000 xrw
*default*        0x0000000000000000 0xffffffffffffffff

Linker script and memory map

LOAD ./user_c/isr.o
LOAD ./user_c/main.o
LOAD ./hefei_peripheral/HF_HC_SR04.o
LOAD ./hefei_peripheral/HF_L9110S_2.o
LOAD ./hefei_peripheral/HF_TM1637.o
LOAD ./hefei_peripheral/HF_WS2812b.o
LOAD ./hefei_libraries/board/board.o
LOAD ./hefei_libraries/board/clock_config.o
LOAD ./hefei_libraries/board/misc.o
LOAD ./hefei_libraries/common.o
LOAD ./hefei_libraries/delay.o
LOAD ./hefei_libraries/hf_adc.o
LOAD ./hefei_libraries/hf_dma.o
LOAD ./hefei_libraries/hf_encoder.o
LOAD ./hefei_libraries/hf_exti.o
LOAD ./hefei_libraries/hf_flash.o
LOAD ./hefei_libraries/hf_gpio.o
LOAD ./hefei_libraries/hf_i2c_hardware.o
LOAD ./hefei_libraries/hf_i2c_software.o
LOAD ./hefei_libraries/hf_nvic.o
LOAD ./hefei_libraries/hf_pit.o
LOAD ./hefei_libraries/hf_pwm.o
LOAD ./hefei_libraries/hf_spi.o
LOAD ./hefei_libraries/hf_systick.o
LOAD ./hefei_libraries/hf_tim.o
LOAD ./hefei_libraries/hf_uart.o
LOAD ./CODE/board_led.o
LOAD ./CODE/car_4keys.o
LOAD ./CODE/car_adc.o
LOAD ./CODE/car_buzzer.o
LOAD ./CODE/car_init.o
LOAD ./CODE/car_light.o
LOAD ./CODE/car_motion.o
LOAD ./CODE/car_reed_switch.o
LOAD ./CODE/car_uart.o
LOAD ./CODE/car_value_process.o
LOAD ./CH32V10x/Core/core_riscv.o
LOAD ./CH32V10x/CH32V10x_p/Startup/startup_ch32v10x.o
LOAD ./CH32V10x/CH32V10x_p/CH32V10x_Lib/ch32v10x_adc.o
LOAD ./CH32V10x/CH32V10x_p/CH32V10x_Lib/ch32v10x_bkp.o
LOAD ./CH32V10x/CH32V10x_p/CH32V10x_Lib/ch32v10x_crc.o
LOAD ./CH32V10x/CH32V10x_p/CH32V10x_Lib/ch32v10x_dbgmcu.o
LOAD ./CH32V10x/CH32V10x_p/CH32V10x_Lib/ch32v10x_dma.o
LOAD ./CH32V10x/CH32V10x_p/CH32V10x_Lib/ch32v10x_exti.o
LOAD ./CH32V10x/CH32V10x_p/CH32V10x_Lib/ch32v10x_flash.o
LOAD ./CH32V10x/CH32V10x_p/CH32V10x_Lib/ch32v10x_gpio.o
LOAD ./CH32V10x/CH32V10x_p/CH32V10x_Lib/ch32v10x_i2c.o
LOAD ./CH32V10x/CH32V10x_p/CH32V10x_Lib/ch32v10x_iwdg.o
LOAD ./CH32V10x/CH32V10x_p/CH32V10x_Lib/ch32v10x_misc.o
LOAD ./CH32V10x/CH32V10x_p/CH32V10x_Lib/ch32v10x_pwr.o
LOAD ./CH32V10x/CH32V10x_p/CH32V10x_Lib/ch32v10x_rcc.o
LOAD ./CH32V10x/CH32V10x_p/CH32V10x_Lib/ch32v10x_rtc.o
LOAD ./CH32V10x/CH32V10x_p/CH32V10x_Lib/ch32v10x_spi.o
LOAD ./CH32V10x/CH32V10x_p/CH32V10x_Lib/ch32v10x_tim.o
LOAD ./CH32V10x/CH32V10x_p/CH32V10x_Lib/ch32v10x_usart.o
LOAD ./CH32V10x/CH32V10x_p/CH32V10x_Lib/ch32v10x_usb.o
LOAD ./CH32V10x/CH32V10x_p/CH32V10x_Lib/ch32v10x_usb_host.o
LOAD ./CH32V10x/CH32V10x_p/CH32V10x_Lib/ch32v10x_wwdg.o
LOAD c:/mounriver/mounriver_studio/toolchain/risc-v embedded gcc/bin/../lib/gcc/riscv-none-embed/8.2.0/rv32imac/ilp32\libgcc.a
LOAD c:/mounriver/mounriver_studio/toolchain/risc-v embedded gcc/bin/../lib/gcc/riscv-none-embed/8.2.0/../../../../riscv-none-embed/lib/rv32imac/ilp32\libg_nano.a
LOAD c:/mounriver/mounriver_studio/toolchain/risc-v embedded gcc/bin/../lib/gcc/riscv-none-embed/8.2.0/../../../../riscv-none-embed/lib/rv32imac/ilp32\libc_nano.a
LOAD c:/mounriver/mounriver_studio/toolchain/risc-v embedded gcc/bin/../lib/gcc/riscv-none-embed/8.2.0/rv32imac/ilp32\libgcc.a
START GROUP
LOAD c:/mounriver/mounriver_studio/toolchain/risc-v embedded gcc/bin/../lib/gcc/riscv-none-embed/8.2.0/rv32imac/ilp32\libgcc.a
LOAD c:/mounriver/mounriver_studio/toolchain/risc-v embedded gcc/bin/../lib/gcc/riscv-none-embed/8.2.0/../../../../riscv-none-embed/lib/rv32imac/ilp32\libc_nano.a
LOAD c:/mounriver/mounriver_studio/toolchain/risc-v embedded gcc/bin/../lib/gcc/riscv-none-embed/8.2.0/../../../../riscv-none-embed/lib/rv32imac/ilp32\libnosys.a
END GROUP
START GROUP
LOAD c:/mounriver/mounriver_studio/toolchain/risc-v embedded gcc/bin/../lib/gcc/riscv-none-embed/8.2.0/rv32imac/ilp32\libgcc.a
LOAD c:/mounriver/mounriver_studio/toolchain/risc-v embedded gcc/bin/../lib/gcc/riscv-none-embed/8.2.0/../../../../riscv-none-embed/lib/rv32imac/ilp32\libc_nano.a
LOAD c:/mounriver/mounriver_studio/toolchain/risc-v embedded gcc/bin/../lib/gcc/riscv-none-embed/8.2.0/../../../../riscv-none-embed/lib/rv32imac/ilp32\libnosys.a
END GROUP
                0x0000000000000800                __stack_size = 0x800
                [!provide]                        PROVIDE (_stack_size = __stack_size)

.init           0x0000000000000000       0x38
                0x0000000000000000                _sinit = .
                0x0000000000000000                . = ALIGN (0x4)
 *(SORT_NONE(.init))
 .init          0x0000000000000000       0x38 ./CH32V10x/CH32V10x_p/Startup/startup_ch32v10x.o
                0x0000000000000000                _start
                0x0000000000000038                . = ALIGN (0x4)
                0x0000000000000038                _einit = .

.vector         0x0000000000000038      0x108
 *(.vector)
 .vector        0x0000000000000038       0xf0 ./CH32V10x/CH32V10x_p/Startup/startup_ch32v10x.o
                0x0000000000000140                . = ALIGN (0x40)
 *fill*         0x0000000000000128       0x18 

.text           0x0000000000000140     0x3748
                0x0000000000000140                . = ALIGN (0x4)
 *(.text)
 *(.text.*)
 .text.NMI_Handler
                0x0000000000000140       0x10 ./user_c/isr.o
                0x0000000000000140                NMI_Handler
 .text.HardFault_Handler
                0x0000000000000150        0x8 ./user_c/isr.o
                0x0000000000000150                HardFault_Handler
 .text.EXTI0_IRQHandler
                0x0000000000000158       0x82 ./user_c/isr.o
                0x0000000000000158                EXTI0_IRQHandler
 .text.EXTI1_IRQHandler
                0x00000000000001da       0x10 ./user_c/isr.o
                0x00000000000001da                EXTI1_IRQHandler
 .text.EXTI2_IRQHandler
                0x00000000000001ea       0x10 ./user_c/isr.o
                0x00000000000001ea                EXTI2_IRQHandler
 .text.EXTI3_IRQHandler
                0x00000000000001fa       0x10 ./user_c/isr.o
                0x00000000000001fa                EXTI3_IRQHandler
 .text.EXTI4_IRQHandler
                0x000000000000020a       0x10 ./user_c/isr.o
                0x000000000000020a                EXTI4_IRQHandler
 .text.EXTI9_5_IRQHandler
                0x000000000000021a       0x10 ./user_c/isr.o
                0x000000000000021a                EXTI9_5_IRQHandler
 .text.EXTI15_10_IRQHandler
                0x000000000000022a       0x10 ./user_c/isr.o
                0x000000000000022a                EXTI15_10_IRQHandler
 .text.ADC1_2_IRQHandler
                0x000000000000023a       0x10 ./user_c/isr.o
                0x000000000000023a                ADC1_2_IRQHandler
 .text.TIM1_UP_IRQHandler
                0x000000000000024a       0x30 ./user_c/isr.o
                0x000000000000024a                TIM1_UP_IRQHandler
 .text.TIM2_IRQHandler
                0x000000000000027a       0x34 ./user_c/isr.o
                0x000000000000027a                TIM2_IRQHandler
 .text.TIM3_IRQHandler
                0x00000000000002ae       0x30 ./user_c/isr.o
                0x00000000000002ae                TIM3_IRQHandler
 .text.TIM4_IRQHandler
                0x00000000000002de       0x30 ./user_c/isr.o
                0x00000000000002de                TIM4_IRQHandler
 .text.USART1_IRQHandler
                0x000000000000030e       0x34 ./user_c/isr.o
                0x000000000000030e                USART1_IRQHandler
 .text.USART2_IRQHandler
                0x0000000000000342       0x34 ./user_c/isr.o
                0x0000000000000342                USART2_IRQHandler
 .text.USART3_IRQHandler
                0x0000000000000376       0x34 ./user_c/isr.o
                0x0000000000000376                USART3_IRQHandler
 .text.main     0x00000000000003aa       0x32 ./user_c/main.o
                0x00000000000003aa                main
 .text.uart_send_distance_ascii
                0x00000000000003dc       0x78 ./user_c/main.o
                0x00000000000003dc                uart_send_distance_ascii
 .text.ultra_init
                0x0000000000000454       0x5a ./hefei_peripheral/HF_HC_SR04.o
                0x0000000000000454                ultra_init
 .text.ultra_get_distance
                0x00000000000004ae      0x122 ./hefei_peripheral/HF_HC_SR04.o
                0x00000000000004ae                ultra_get_distance
 .text.l9110s_init
                0x00000000000005d0       0x68 ./hefei_peripheral/HF_L9110S_2.o
                0x00000000000005d0                l9110s_init
 .text.tm1637_init
                0x0000000000000638       0x36 ./hefei_peripheral/HF_TM1637.o
                0x0000000000000638                tm1637_init
 .text.tm1637_start
                0x000000000000066e       0x4a ./hefei_peripheral/HF_TM1637.o
                0x000000000000066e                tm1637_start
 .text.tm1637_wait_ack
                0x00000000000006b8       0x40 ./hefei_peripheral/HF_TM1637.o
                0x00000000000006b8                tm1637_wait_ack
 .text.tm1637_stop
                0x00000000000006f8       0x34 ./hefei_peripheral/HF_TM1637.o
                0x00000000000006f8                tm1637_stop
 .text.tm1637_write_byte
                0x000000000000072c       0x7e ./hefei_peripheral/HF_TM1637.o
                0x000000000000072c                tm1637_write_byte
 .text.tm1637_command
                0x00000000000007aa       0x26 ./hefei_peripheral/HF_TM1637.o
                0x00000000000007aa                tm1637_command
 .text.ws2812b_init
                0x00000000000007d0       0x52 ./hefei_peripheral/HF_WS2812b.o
                0x00000000000007d0                ws2812b_init
 .text.ws2812b_write
                0x0000000000000822       0xee ./hefei_peripheral/HF_WS2812b.o
                0x0000000000000822                ws2812b_write
 .text.board_init
                0x0000000000000910       0x48 ./hefei_libraries/board/board.o
                0x0000000000000910                board_init
 .text.SystemInit
                0x0000000000000958      0x102 ./hefei_libraries/board/clock_config.o
                0x0000000000000958                SystemInit
 .text.Delay_Init
                0x0000000000000a5a       0x26 ./hefei_libraries/delay.o
                0x0000000000000a5a                Delay_Init
 .text.Delay_Us
                0x0000000000000a80       0x30 ./hefei_libraries/delay.o
                0x0000000000000a80                Delay_Us
 .text.Delay_Ms
                0x0000000000000ab0       0x30 ./hefei_libraries/delay.o
                0x0000000000000ab0                Delay_Ms
 .text.adc_gpio_init
                0x0000000000000ae0       0xc6 ./hefei_libraries/hf_adc.o
                0x0000000000000ae0                adc_gpio_init
 .text.adc_init
                0x0000000000000ba6       0x9a ./hefei_libraries/hf_adc.o
                0x0000000000000ba6                adc_init
 .text.exti_enable
                0x0000000000000c40       0x48 ./hefei_libraries/hf_exti.o
                0x0000000000000c40                exti_enable
 .text.gpio_init
                0x0000000000000c88       0xde ./hefei_libraries/hf_gpio.o
                0x0000000000000c88                gpio_init
 .text.gpio_bit_output
                0x0000000000000d66       0x24 ./hefei_libraries/hf_gpio.o
                0x0000000000000d66                gpio_bit_output
 .text.gpio_get_input
                0x0000000000000d8a       0x22 ./hefei_libraries/hf_gpio.o
                0x0000000000000d8a                gpio_get_input
 .text.close_all_irq
                0x0000000000000dac       0x10 ./hefei_libraries/hf_nvic.o
                0x0000000000000dac                close_all_irq
 .text.nvic_init
                0x0000000000000dbc       0x4e ./hefei_libraries/hf_nvic.o
                0x0000000000000dbc                nvic_init
 .text.DisableGlobalIRQ
                0x0000000000000e0a       0x26 ./hefei_libraries/hf_nvic.o
                0x0000000000000e0a                DisableGlobalIRQ
 .text.sys_recover_irq
                0x0000000000000e30       0x18 ./hefei_libraries/hf_nvic.o
                0x0000000000000e30                sys_recover_irq
 .text.EnableGlobalIRQ
                0x0000000000000e48        0xa ./hefei_libraries/hf_nvic.o
                0x0000000000000e48                EnableGlobalIRQ
 .text.pwm_duty
                0x0000000000000e52       0x70 ./hefei_libraries/hf_pwm.o
                0x0000000000000e52                pwm_duty
 .text.pwm_freq
                0x0000000000000ec2       0x38 ./hefei_libraries/hf_pwm.o
                0x0000000000000ec2                pwm_freq
 .text.pwm_gpio_init
                0x0000000000000efa      0x23a ./hefei_libraries/hf_pwm.o
                0x0000000000000efa                pwm_gpio_init
 .text.pwm_init
                0x0000000000001134      0x112 ./hefei_libraries/hf_pwm.o
                0x0000000000001134                pwm_init
 .text.timbase_init
                0x0000000000001246       0x70 ./hefei_libraries/hf_tim.o
                0x0000000000001246                timbase_init
 .text.uart_putchar
                0x00000000000012b6       0x20 ./hefei_libraries/hf_uart.o
                0x00000000000012b6                uart_putchar
 .text.uart_gpio_init
                0x00000000000012d6       0xb6 ./hefei_libraries/hf_uart.o
                0x00000000000012d6                uart_gpio_init
 .text.uart_init
                0x000000000000138c       0x7c ./hefei_libraries/hf_uart.o
                0x000000000000138c                uart_init
 .text.board_led_init
                0x0000000000001408       0x4c ./CODE/board_led.o
                0x0000000000001408                board_led_init
 .text.key_init
                0x0000000000001454       0x80 ./CODE/car_4keys.o
                0x0000000000001454                key_init
 .text.adc_channel_init
                0x00000000000014d4       0x1e ./CODE/car_adc.o
                0x00000000000014d4                adc_channel_init
 .text.buzzer_init
                0x00000000000014f2       0x1c ./CODE/car_buzzer.o
                0x00000000000014f2                buzzer_init
 .text.buzzer_freq
                0x000000000000150e       0x20 ./CODE/car_buzzer.o
                0x000000000000150e                buzzer_freq
 .text.car_init
                0x000000000000152e       0x82 ./CODE/car_init.o
                0x000000000000152e                car_init
 .text.int_init
                0x00000000000015b0       0x4e ./CODE/car_init.o
                0x00000000000015b0                int_init
 .text.reed_init
                0x00000000000015fe       0x22 ./CODE/car_reed_switch.o
                0x00000000000015fe                reed_init
 .text.uart_send_char
                0x0000000000001620       0x28 ./CODE/car_uart.o
                0x0000000000001620                uart_send_char
 .text.int_to_ascii
                0x0000000000001648       0xd4 ./CODE/car_value_process.o
                0x0000000000001648                int_to_ascii
 .text.handle_reset
                0x000000000000171c       0x7a ./CH32V10x/CH32V10x_p/Startup/startup_ch32v10x.o
                0x000000000000171c                handle_reset
 .text.ADC_DeInit
                0x0000000000001796       0x26 ./CH32V10x/CH32V10x_p/CH32V10x_Lib/ch32v10x_adc.o
                0x0000000000001796                ADC_DeInit
 .text.ADC_Init
                0x00000000000017bc       0x50 ./CH32V10x/CH32V10x_p/CH32V10x_Lib/ch32v10x_adc.o
                0x00000000000017bc                ADC_Init
 .text.ADC_Cmd  0x000000000000180c       0x10 ./CH32V10x/CH32V10x_p/CH32V10x_Lib/ch32v10x_adc.o
                0x000000000000180c                ADC_Cmd
 .text.ADC_ResetCalibration
                0x000000000000181c        0xa ./CH32V10x/CH32V10x_p/CH32V10x_Lib/ch32v10x_adc.o
                0x000000000000181c                ADC_ResetCalibration
 .text.ADC_GetResetCalibrationStatus
                0x0000000000001826        0x8 ./CH32V10x/CH32V10x_p/CH32V10x_Lib/ch32v10x_adc.o
                0x0000000000001826                ADC_GetResetCalibrationStatus
 .text.ADC_StartCalibration
                0x000000000000182e        0xa ./CH32V10x/CH32V10x_p/CH32V10x_Lib/ch32v10x_adc.o
                0x000000000000182e                ADC_StartCalibration
 .text.ADC_GetCalibrationStatus
                0x0000000000001838        0x8 ./CH32V10x/CH32V10x_p/CH32V10x_Lib/ch32v10x_adc.o
                0x0000000000001838                ADC_GetCalibrationStatus
 .text.EXTI_Init
                0x0000000000001840       0x6a ./CH32V10x/CH32V10x_p/CH32V10x_Lib/ch32v10x_exti.o
                0x0000000000001840                EXTI_Init
 .text.EXTI_GetITStatus
                0x00000000000018aa       0x1e ./CH32V10x/CH32V10x_p/CH32V10x_Lib/ch32v10x_exti.o
                0x00000000000018aa                EXTI_GetITStatus
 .text.EXTI_ClearITPendingBit
                0x00000000000018c8        0xa ./CH32V10x/CH32V10x_p/CH32V10x_Lib/ch32v10x_exti.o
                0x00000000000018c8                EXTI_ClearITPendingBit
 .text.GPIO_Init
                0x00000000000018d2       0xc2 ./CH32V10x/CH32V10x_p/CH32V10x_Lib/ch32v10x_gpio.o
                0x00000000000018d2                GPIO_Init
 .text.GPIO_WriteBit
                0x0000000000001994        0xa ./CH32V10x/CH32V10x_p/CH32V10x_Lib/ch32v10x_gpio.o
                0x0000000000001994                GPIO_WriteBit
 .text.GPIO_EXTILineConfig
                0x000000000000199e       0x2c ./CH32V10x/CH32V10x_p/CH32V10x_Lib/ch32v10x_gpio.o
                0x000000000000199e                GPIO_EXTILineConfig
 .text.NVIC_Init
                0x00000000000019ca       0x64 ./CH32V10x/CH32V10x_p/CH32V10x_Lib/ch32v10x_misc.o
                0x00000000000019ca                NVIC_Init
 .text.RCC_ADCCLKConfig
                0x0000000000001a2e       0x12 ./CH32V10x/CH32V10x_p/CH32V10x_Lib/ch32v10x_rcc.o
                0x0000000000001a2e                RCC_ADCCLKConfig
 .text.RCC_GetClocksFreq
                0x0000000000001a40       0xb4 ./CH32V10x/CH32V10x_p/CH32V10x_Lib/ch32v10x_rcc.o
                0x0000000000001a40                RCC_GetClocksFreq
 .text.RCC_APB2PeriphClockCmd
                0x0000000000001af4       0x1e ./CH32V10x/CH32V10x_p/CH32V10x_Lib/ch32v10x_rcc.o
                0x0000000000001af4                RCC_APB2PeriphClockCmd
 .text.RCC_APB1PeriphClockCmd
                0x0000000000001b12       0x1e ./CH32V10x/CH32V10x_p/CH32V10x_Lib/ch32v10x_rcc.o
                0x0000000000001b12                RCC_APB1PeriphClockCmd
 .text.RCC_APB2PeriphResetCmd
                0x0000000000001b30       0x1e ./CH32V10x/CH32V10x_p/CH32V10x_Lib/ch32v10x_rcc.o
                0x0000000000001b30                RCC_APB2PeriphResetCmd
 .text.TIM_TimeBaseInit
                0x0000000000001b4e       0x78 ./CH32V10x/CH32V10x_p/CH32V10x_Lib/ch32v10x_tim.o
                0x0000000000001b4e                TIM_TimeBaseInit
 .text.TIM_OC1Init
                0x0000000000001bc6       0x88 ./CH32V10x/CH32V10x_p/CH32V10x_Lib/ch32v10x_tim.o
                0x0000000000001bc6                TIM_OC1Init
 .text.TIM_OC2Init
                0x0000000000001c4e       0xb4 ./CH32V10x/CH32V10x_p/CH32V10x_Lib/ch32v10x_tim.o
                0x0000000000001c4e                TIM_OC2Init
 .text.TIM_OC3Init
                0x0000000000001d02       0xb2 ./CH32V10x/CH32V10x_p/CH32V10x_Lib/ch32v10x_tim.o
                0x0000000000001d02                TIM_OC3Init
 .text.TIM_OC4Init
                0x0000000000001db4       0x82 ./CH32V10x/CH32V10x_p/CH32V10x_Lib/ch32v10x_tim.o
                0x0000000000001db4                TIM_OC4Init
 .text.TIM_Cmd  0x0000000000001e36       0x1c ./CH32V10x/CH32V10x_p/CH32V10x_Lib/ch32v10x_tim.o
                0x0000000000001e36                TIM_Cmd
 .text.TIM_CtrlPWMOutputs
                0x0000000000001e52       0x16 ./CH32V10x/CH32V10x_p/CH32V10x_Lib/ch32v10x_tim.o
                0x0000000000001e52                TIM_CtrlPWMOutputs
 .text.TIM_ITConfig
                0x0000000000001e68       0x16 ./CH32V10x/CH32V10x_p/CH32V10x_Lib/ch32v10x_tim.o
                0x0000000000001e68                TIM_ITConfig
 .text.TIM_OC1PreloadConfig
                0x0000000000001e7e       0x12 ./CH32V10x/CH32V10x_p/CH32V10x_Lib/ch32v10x_tim.o
                0x0000000000001e7e                TIM_OC1PreloadConfig
 .text.TIM_OC2PreloadConfig
                0x0000000000001e90       0x1a ./CH32V10x/CH32V10x_p/CH32V10x_Lib/ch32v10x_tim.o
                0x0000000000001e90                TIM_OC2PreloadConfig
 .text.TIM_OC3PreloadConfig
                0x0000000000001eaa       0x12 ./CH32V10x/CH32V10x_p/CH32V10x_Lib/ch32v10x_tim.o
                0x0000000000001eaa                TIM_OC3PreloadConfig
 .text.TIM_OC4PreloadConfig
                0x0000000000001ebc       0x1a ./CH32V10x/CH32V10x_p/CH32V10x_Lib/ch32v10x_tim.o
                0x0000000000001ebc                TIM_OC4PreloadConfig
 .text.TIM_OC2PolarityConfig
                0x0000000000001ed6       0x1a ./CH32V10x/CH32V10x_p/CH32V10x_Lib/ch32v10x_tim.o
                0x0000000000001ed6                TIM_OC2PolarityConfig
 .text.TIM_SetCounter
                0x0000000000001ef0        0x6 ./CH32V10x/CH32V10x_p/CH32V10x_Lib/ch32v10x_tim.o
                0x0000000000001ef0                TIM_SetCounter
 .text.TIM_GetCounter
                0x0000000000001ef6        0x6 ./CH32V10x/CH32V10x_p/CH32V10x_Lib/ch32v10x_tim.o
                0x0000000000001ef6                TIM_GetCounter
 .text.TIM_GetFlagStatus
                0x0000000000001efc        0xc ./CH32V10x/CH32V10x_p/CH32V10x_Lib/ch32v10x_tim.o
                0x0000000000001efc                TIM_GetFlagStatus
 .text.TIM_ClearFlag
                0x0000000000001f08        0xe ./CH32V10x/CH32V10x_p/CH32V10x_Lib/ch32v10x_tim.o
                0x0000000000001f08                TIM_ClearFlag
 .text.TIM_GetITStatus
                0x0000000000001f16       0x1c ./CH32V10x/CH32V10x_p/CH32V10x_Lib/ch32v10x_tim.o
                0x0000000000001f16                TIM_GetITStatus
 .text.TIM_ClearITPendingBit
                0x0000000000001f32        0xe ./CH32V10x/CH32V10x_p/CH32V10x_Lib/ch32v10x_tim.o
                0x0000000000001f32                TIM_ClearITPendingBit
 .text.USART_Init
                0x0000000000001f40       0xda ./CH32V10x/CH32V10x_p/CH32V10x_Lib/ch32v10x_usart.o
                0x0000000000001f40                USART_Init
 .text.USART_Cmd
                0x000000000000201a       0x1c ./CH32V10x/CH32V10x_p/CH32V10x_Lib/ch32v10x_usart.o
                0x000000000000201a                USART_Cmd
 .text.USART_GetITStatus
                0x0000000000002036       0x44 ./CH32V10x/CH32V10x_p/CH32V10x_Lib/ch32v10x_usart.o
                0x0000000000002036                USART_GetITStatus
 .text.USART_ClearITPendingBit
                0x000000000000207a       0x16 ./CH32V10x/CH32V10x_p/CH32V10x_Lib/ch32v10x_usart.o
                0x000000000000207a                USART_ClearITPendingBit
 .text.__divdf3
                0x0000000000002090      0x5b4 c:/mounriver/mounriver_studio/toolchain/risc-v embedded gcc/bin/../lib/gcc/riscv-none-embed/8.2.0/rv32imac/ilp32\libgcc.a(divdf3.o)
                0x0000000000002090                __divdf3
 .text.__muldf3
                0x0000000000002644      0x4b8 c:/mounriver/mounriver_studio/toolchain/risc-v embedded gcc/bin/../lib/gcc/riscv-none-embed/8.2.0/rv32imac/ilp32\libgcc.a(muldf3.o)
                0x0000000000002644                __muldf3
 .text.__fixunsdfsi
                0x0000000000002afc       0x5c c:/mounriver/mounriver_studio/toolchain/risc-v embedded gcc/bin/../lib/gcc/riscv-none-embed/8.2.0/rv32imac/ilp32\libgcc.a(fixunsdfsi.o)
                0x0000000000002afc                __fixunsdfsi
 .text.__addsf3
                0x0000000000002b58      0x36a c:/mounriver/mounriver_studio/toolchain/risc-v embedded gcc/bin/../lib/gcc/riscv-none-embed/8.2.0/rv32imac/ilp32\libgcc.a(addsf3.o)
                0x0000000000002b58                __addsf3
 .text.__divsf3
                0x0000000000002ec2      0x2ae c:/mounriver/mounriver_studio/toolchain/risc-v embedded gcc/bin/../lib/gcc/riscv-none-embed/8.2.0/rv32imac/ilp32\libgcc.a(divsf3.o)
                0x0000000000002ec2                __divsf3
 .text.__mulsf3
                0x0000000000003170      0x290 c:/mounriver/mounriver_studio/toolchain/risc-v embedded gcc/bin/../lib/gcc/riscv-none-embed/8.2.0/rv32imac/ilp32\libgcc.a(mulsf3.o)
                0x0000000000003170                __mulsf3
 .text.__floatunsisf
                0x0000000000003400       0xce c:/mounriver/mounriver_studio/toolchain/risc-v embedded gcc/bin/../lib/gcc/riscv-none-embed/8.2.0/rv32imac/ilp32\libgcc.a(floatunsisf.o)
                0x0000000000003400                __floatunsisf
 .text.__extendsfdf2
                0x00000000000034ce       0xac c:/mounriver/mounriver_studio/toolchain/risc-v embedded gcc/bin/../lib/gcc/riscv-none-embed/8.2.0/rv32imac/ilp32\libgcc.a(extendsfdf2.o)
                0x00000000000034ce                __extendsfdf2
 .text.__clzsi2
                0x000000000000357a       0x76 c:/mounriver/mounriver_studio/toolchain/risc-v embedded gcc/bin/../lib/gcc/riscv-none-embed/8.2.0/rv32imac/ilp32\libgcc.a(_clzsi2.o)
                0x000000000000357a                __clzsi2
 *(.rodata)
 *fill*         0x00000000000035f0        0x0 
 .rodata        0x00000000000035f0       0x28 ./hefei_peripheral/HF_HC_SR04.o
 *(.rodata*)
 .rodata.GPION  0x0000000000003618       0x10 ./hefei_libraries/hf_gpio.o
                0x0000000000003618                GPION
 .rodata.TIMERN
                0x0000000000003628       0x10 ./hefei_libraries/hf_tim.o
                0x0000000000003628                TIMERN
 .rodata.UARTN  0x0000000000003638       0x10 ./hefei_libraries/hf_uart.o
                0x0000000000003638                UARTN
 .rodata.__divdf3
                0x0000000000003648       0x40 c:/mounriver/mounriver_studio/toolchain/risc-v embedded gcc/bin/../lib/gcc/riscv-none-embed/8.2.0/rv32imac/ilp32\libgcc.a(divdf3.o)
 .rodata.__muldf3
                0x0000000000003688       0x40 c:/mounriver/mounriver_studio/toolchain/risc-v embedded gcc/bin/../lib/gcc/riscv-none-embed/8.2.0/rv32imac/ilp32\libgcc.a(muldf3.o)
 .rodata.__divsf3
                0x00000000000036c8       0x80 c:/mounriver/mounriver_studio/toolchain/risc-v embedded gcc/bin/../lib/gcc/riscv-none-embed/8.2.0/rv32imac/ilp32\libgcc.a(divsf3.o)
 .rodata.__mulsf3
                0x0000000000003748       0x40 c:/mounriver/mounriver_studio/toolchain/risc-v embedded gcc/bin/../lib/gcc/riscv-none-embed/8.2.0/rv32imac/ilp32\libgcc.a(mulsf3.o)
 .rodata.__clz_tab
                0x0000000000003788      0x100 c:/mounriver/mounriver_studio/toolchain/risc-v embedded gcc/bin/../lib/gcc/riscv-none-embed/8.2.0/rv32imac/ilp32\libgcc.a(_clz.o)
                0x0000000000003788                __clz_tab
 *(.glue_7)
 *(.glue_7t)
 *(.gnu.linkonce.t.*)
                0x0000000000003888                . = ALIGN (0x4)

.rela.dyn       0x0000000000003888        0x0
 .rela.init     0x0000000000003888        0x0 ./user_c/isr.o
 .rela.vector   0x0000000000003888        0x0 ./user_c/isr.o
 .rela.text.handle_reset
                0x0000000000003888        0x0 ./user_c/isr.o

.fini           0x0000000000003888        0x0
 *(SORT_NONE(.fini))
                0x0000000000003888                . = ALIGN (0x4)
                [!provide]                        PROVIDE (_etext = .)
                [!provide]                        PROVIDE (_eitcm = .)

.preinit_array  0x0000000000003888        0x0
                [!provide]                        PROVIDE (__preinit_array_start = .)
 *(.preinit_array)
                [!provide]                        PROVIDE (__preinit_array_end = .)

.init_array     0x0000000000003888        0x0
                [!provide]                        PROVIDE (__init_array_start = .)
 *(SORT_BY_INIT_PRIORITY(.init_array.*) SORT_BY_INIT_PRIORITY(.ctors.*))
 *(.init_array EXCLUDE_FILE(*crtend?.o *crtend.o *crtbegin?.o *crtbegin.o) .ctors)
                [!provide]                        PROVIDE (__init_array_end = .)

.fini_array     0x0000000000003888        0x0
                [!provide]                        PROVIDE (__fini_array_start = .)
 *(SORT_BY_INIT_PRIORITY(.fini_array.*) SORT_BY_INIT_PRIORITY(.dtors.*))
 *(.fini_array EXCLUDE_FILE(*crtend?.o *crtend.o *crtbegin?.o *crtbegin.o) .dtors)
                [!provide]                        PROVIDE (__fini_array_end = .)

.ctors
 *crtbegin.o(.ctors)
 *crtbegin?.o(.ctors)
 *(EXCLUDE_FILE(*crtend?.o *crtend.o) .ctors)
 *(SORT_BY_NAME(.ctors.*))
 *(.ctors)

.dtors
 *crtbegin.o(.dtors)
 *crtbegin?.o(.dtors)
 *(EXCLUDE_FILE(*crtend?.o *crtend.o) .dtors)
 *(SORT_BY_NAME(.dtors.*))
 *(.dtors)

.dalign         0x0000000020000000        0x0 load address 0x0000000000003888
                0x0000000020000000                . = ALIGN (0x4)
                0x0000000020000000                PROVIDE (_data_vma = .)

.dlalign        0x0000000000003888        0x0
                0x0000000000003888                . = ALIGN (0x4)
                0x0000000000003888                PROVIDE (_data_lma = .)

.data           0x0000000020000000       0x18 load address 0x0000000000003888
 *(.gnu.linkonce.r.*)
 *(.data .data.*)
 .data.APBAHBPrescTable
                0x0000000020000000       0x10 ./CH32V10x/CH32V10x_p/CH32V10x_Lib/ch32v10x_rcc.o
 *(.gnu.linkonce.d.*)
                0x0000000020000010                . = ALIGN (0x8)
                0x0000000020000810                PROVIDE (__global_pointer$ = (. + 0x800))
 *(.sdata .sdata.*)
 .sdata.ADCPrescTable
                0x0000000020000010        0x4 ./CH32V10x/CH32V10x_p/CH32V10x_Lib/ch32v10x_rcc.o
 *(.sdata2.*)
 *(.gnu.linkonce.s.*)
                0x0000000020000018                . = ALIGN (0x8)
 *fill*         0x0000000020000014        0x4 
 *(.srodata.cst16)
 *(.srodata.cst8)
 *(.srodata.cst4)
 *(.srodata.cst2)
 *(.srodata .srodata.*)
                0x0000000020000018                . = ALIGN (0x4)
                0x0000000020000018                PROVIDE (_edata = .)

.bss            0x0000000020000018       0x24 load address 0x00000000000038a0
                0x0000000020000018                . = ALIGN (0x4)
                0x0000000020000018                PROVIDE (_sbss = .)
 *(.sbss*)
 .sbss.status.5370
                0x0000000020000018        0x1 ./user_c/isr.o
 *fill*         0x0000000020000019        0x3 
 .sbss.g_overflow_times
                0x000000002000001c        0x4 ./hefei_peripheral/HF_HC_SR04.o
                0x000000002000001c                g_overflow_times
 .sbss.g_current_time_value
                0x0000000020000020        0x4 ./hefei_peripheral/HF_HC_SR04.o
                0x0000000020000020                g_current_time_value
 .sbss.g_flag_unhandler
                0x0000000020000024        0x1 ./hefei_peripheral/HF_HC_SR04.o
                0x0000000020000024                g_flag_unhandler
 *fill*         0x0000000020000025        0x3 
 .sbss.sys_clk  0x0000000020000028        0x4 ./hefei_libraries/common.o
                0x0000000020000028                sys_clk
 .sbss.p_ms     0x000000002000002c        0x2 ./hefei_libraries/delay.o
 .sbss.p_us     0x000000002000002e        0x1 ./hefei_libraries/delay.o
 *(.gnu.linkonce.sb.*)
 *(.bss*)
 *fill*         0x000000002000002f        0x1 
 .bss.irq_status
                0x0000000020000030        0xc ./hefei_libraries/common.o
                0x0000000020000030                irq_status
 *(.gnu.linkonce.b.*)
 *(COMMON*)
                0x000000002000003c                . = ALIGN (0x4)
                0x000000002000003c                PROVIDE (_ebss = .)
                [!provide]                        PROVIDE (_end = _ebss)
                0x000000002000003c                PROVIDE (end = .)

.stack          0x0000000020004800      0x800
                0x0000000020004800                . = ALIGN (0x4)
                [!provide]                        PROVIDE (_susrstack = .)
                0x0000000020005000                . = (. + __stack_size)
 *fill*         0x0000000020004800      0x800 
                0x0000000020005000                PROVIDE (_eusrstack = .)
OUTPUT(05-Car_ultrasonic.elf elf32-littleriscv)

.debug_info     0x0000000000000000    0x1a574
 .debug_info    0x0000000000000000     0x112b ./user_c/isr.o
 .debug_info    0x000000000000112b      0xb58 ./user_c/main.o
 .debug_info    0x0000000000001c83      0xfde ./hefei_peripheral/HF_HC_SR04.o
 .debug_info    0x0000000000002c61      0xc5a ./hefei_peripheral/HF_L9110S_2.o
 .debug_info    0x00000000000038bb      0xdc4 ./hefei_peripheral/HF_TM1637.o
 .debug_info    0x000000000000467f      0xebc ./hefei_peripheral/HF_WS2812b.o
 .debug_info    0x000000000000553b      0xcb7 ./hefei_libraries/board/board.o
 .debug_info    0x00000000000061f2      0x27c ./hefei_libraries/board/clock_config.o
 .debug_info    0x000000000000646e      0x9e2 ./hefei_libraries/common.o
 .debug_info    0x0000000000006e50      0xbab ./hefei_libraries/delay.o
 .debug_info    0x00000000000079fb     0x117b ./hefei_libraries/hf_adc.o
 .debug_info    0x0000000000008b76      0xdbd ./hefei_libraries/hf_exti.o
 .debug_info    0x0000000000009933      0xf4c ./hefei_libraries/hf_gpio.o
 .debug_info    0x000000000000a87f      0xed8 ./hefei_libraries/hf_nvic.o
 .debug_info    0x000000000000b757     0x13dd ./hefei_libraries/hf_pwm.o
 .debug_info    0x000000000000cb34      0xdf9 ./hefei_libraries/hf_tim.o
 .debug_info    0x000000000000d92d     0x1395 ./hefei_libraries/hf_uart.o
 .debug_info    0x000000000000ecc2      0xd41 ./CODE/board_led.o
 .debug_info    0x000000000000fa03      0xcf9 ./CODE/car_4keys.o
 .debug_info    0x00000000000106fc      0xb56 ./CODE/car_adc.o
 .debug_info    0x0000000000011252      0xbf9 ./CODE/car_buzzer.o
 .debug_info    0x0000000000011e4b     0x111d ./CODE/car_init.o
 .debug_info    0x0000000000012f68      0xcc5 ./CODE/car_reed_switch.o
 .debug_info    0x0000000000013c2d      0xbe4 ./CODE/car_uart.o
 .debug_info    0x0000000000014811      0xaf3 ./CODE/car_value_process.o
 .debug_info    0x0000000000015304       0x22 ./CH32V10x/CH32V10x_p/Startup/startup_ch32v10x.o
 .debug_info    0x0000000000015326      0xcbc ./CH32V10x/CH32V10x_p/CH32V10x_Lib/ch32v10x_adc.o
 .debug_info    0x0000000000015fe2      0x353 ./CH32V10x/CH32V10x_p/CH32V10x_Lib/ch32v10x_exti.o
 .debug_info    0x0000000000016335      0x7e1 ./CH32V10x/CH32V10x_p/CH32V10x_Lib/ch32v10x_gpio.o
 .debug_info    0x0000000000016b16      0x56e ./CH32V10x/CH32V10x_p/CH32V10x_Lib/ch32v10x_misc.o
 .debug_info    0x0000000000017084      0x90a ./CH32V10x/CH32V10x_p/CH32V10x_Lib/ch32v10x_rcc.o
 .debug_info    0x000000000001798e     0x20d2 ./CH32V10x/CH32V10x_p/CH32V10x_Lib/ch32v10x_tim.o
 .debug_info    0x0000000000019a60      0xb14 ./CH32V10x/CH32V10x_p/CH32V10x_Lib/ch32v10x_usart.o

.debug_abbrev   0x0000000000000000     0x4bbd
 .debug_abbrev  0x0000000000000000      0x271 ./user_c/isr.o
 .debug_abbrev  0x0000000000000271      0x25f ./user_c/main.o
 .debug_abbrev  0x00000000000004d0      0x275 ./hefei_peripheral/HF_HC_SR04.o
 .debug_abbrev  0x0000000000000745      0x250 ./hefei_peripheral/HF_L9110S_2.o
 .debug_abbrev  0x0000000000000995      0x27b ./hefei_peripheral/HF_TM1637.o
 .debug_abbrev  0x0000000000000c10      0x280 ./hefei_peripheral/HF_WS2812b.o
 .debug_abbrev  0x0000000000000e90      0x280 ./hefei_libraries/board/board.o
 .debug_abbrev  0x0000000000001110      0x102 ./hefei_libraries/board/clock_config.o
 .debug_abbrev  0x0000000000001212      0x1e7 ./hefei_libraries/common.o
 .debug_abbrev  0x00000000000013f9      0x24c ./hefei_libraries/delay.o
 .debug_abbrev  0x0000000000001645      0x311 ./hefei_libraries/hf_adc.o
 .debug_abbrev  0x0000000000001956      0x285 ./hefei_libraries/hf_exti.o
 .debug_abbrev  0x0000000000001bdb      0x2f0 ./hefei_libraries/hf_gpio.o
 .debug_abbrev  0x0000000000001ecb      0x2ef ./hefei_libraries/hf_nvic.o
 .debug_abbrev  0x00000000000021ba      0x2fe ./hefei_libraries/hf_pwm.o
 .debug_abbrev  0x00000000000024b8      0x2b3 ./hefei_libraries/hf_tim.o
 .debug_abbrev  0x000000000000276b      0x320 ./hefei_libraries/hf_uart.o
 .debug_abbrev  0x0000000000002a8b      0x259 ./CODE/board_led.o
 .debug_abbrev  0x0000000000002ce4      0x25b ./CODE/car_4keys.o
 .debug_abbrev  0x0000000000002f3f      0x249 ./CODE/car_adc.o
 .debug_abbrev  0x0000000000003188      0x250 ./CODE/car_buzzer.o
 .debug_abbrev  0x00000000000033d8      0x250 ./CODE/car_init.o
 .debug_abbrev  0x0000000000003628      0x241 ./CODE/car_reed_switch.o
 .debug_abbrev  0x0000000000003869      0x276 ./CODE/car_uart.o
 .debug_abbrev  0x0000000000003adf      0x229 ./CODE/car_value_process.o
 .debug_abbrev  0x0000000000003d08       0x12 ./CH32V10x/CH32V10x_p/Startup/startup_ch32v10x.o
 .debug_abbrev  0x0000000000003d1a      0x1f3 ./CH32V10x/CH32V10x_p/CH32V10x_Lib/ch32v10x_adc.o
 .debug_abbrev  0x0000000000003f0d      0x1b6 ./CH32V10x/CH32V10x_p/CH32V10x_Lib/ch32v10x_exti.o
 .debug_abbrev  0x00000000000040c3      0x208 ./CH32V10x/CH32V10x_p/CH32V10x_Lib/ch32v10x_gpio.o
 .debug_abbrev  0x00000000000042cb      0x1ae ./CH32V10x/CH32V10x_p/CH32V10x_Lib/ch32v10x_misc.o
 .debug_abbrev  0x0000000000004479      0x246 ./CH32V10x/CH32V10x_p/CH32V10x_Lib/ch32v10x_rcc.o
 .debug_abbrev  0x00000000000046bf      0x2fd ./CH32V10x/CH32V10x_p/CH32V10x_Lib/ch32v10x_tim.o
 .debug_abbrev  0x00000000000049bc      0x201 ./CH32V10x/CH32V10x_p/CH32V10x_Lib/ch32v10x_usart.o

.debug_aranges  0x0000000000000000      0xc90
 .debug_aranges
                0x0000000000000000       0xa0 ./user_c/isr.o
 .debug_aranges
                0x00000000000000a0       0x28 ./user_c/main.o
 .debug_aranges
                0x00000000000000c8       0x28 ./hefei_peripheral/HF_HC_SR04.o
 .debug_aranges
                0x00000000000000f0       0x30 ./hefei_peripheral/HF_L9110S_2.o
 .debug_aranges
                0x0000000000000120       0x50 ./hefei_peripheral/HF_TM1637.o
 .debug_aranges
                0x0000000000000170       0x28 ./hefei_peripheral/HF_WS2812b.o
 .debug_aranges
                0x0000000000000198       0x28 ./hefei_libraries/board/board.o
 .debug_aranges
                0x00000000000001c0       0x20 ./hefei_libraries/board/clock_config.o
 .debug_aranges
                0x00000000000001e0       0x18 ./hefei_libraries/common.o
 .debug_aranges
                0x00000000000001f8       0x30 ./hefei_libraries/delay.o
 .debug_aranges
                0x0000000000000228       0x38 ./hefei_libraries/hf_adc.o
 .debug_aranges
                0x0000000000000260       0x28 ./hefei_libraries/hf_exti.o
 .debug_aranges
                0x0000000000000288       0x40 ./hefei_libraries/hf_gpio.o
 .debug_aranges
                0x00000000000002c8       0x40 ./hefei_libraries/hf_nvic.o
 .debug_aranges
                0x0000000000000308       0x40 ./hefei_libraries/hf_pwm.o
 .debug_aranges
                0x0000000000000348       0x20 ./hefei_libraries/hf_tim.o
 .debug_aranges
                0x0000000000000368       0x58 ./hefei_libraries/hf_uart.o
 .debug_aranges
                0x00000000000003c0       0x38 ./CODE/board_led.o
 .debug_aranges
                0x00000000000003f8       0x28 ./CODE/car_4keys.o
 .debug_aranges
                0x0000000000000420       0x28 ./CODE/car_adc.o
 .debug_aranges
                0x0000000000000448       0x30 ./CODE/car_buzzer.o
 .debug_aranges
                0x0000000000000478       0x28 ./CODE/car_init.o
 .debug_aranges
                0x00000000000004a0       0x28 ./CODE/car_reed_switch.o
 .debug_aranges
                0x00000000000004c8       0x38 ./CODE/car_uart.o
 .debug_aranges
                0x0000000000000500       0x20 ./CODE/car_value_process.o
 .debug_aranges
                0x0000000000000520       0x30 ./CH32V10x/CH32V10x_p/Startup/startup_ch32v10x.o
 .debug_aranges
                0x0000000000000550      0x140 ./CH32V10x/CH32V10x_p/CH32V10x_Lib/ch32v10x_adc.o
 .debug_aranges
                0x0000000000000690       0x50 ./CH32V10x/CH32V10x_p/CH32V10x_Lib/ch32v10x_exti.o
 .debug_aranges
                0x00000000000006e0       0xa0 ./CH32V10x/CH32V10x_p/CH32V10x_Lib/ch32v10x_gpio.o
 .debug_aranges
                0x0000000000000780       0x28 ./CH32V10x/CH32V10x_p/CH32V10x_Lib/ch32v10x_misc.o
 .debug_aranges
                0x00000000000007a8      0x118 ./CH32V10x/CH32V10x_p/CH32V10x_Lib/ch32v10x_rcc.o
 .debug_aranges
                0x00000000000008c0      0x2d0 ./CH32V10x/CH32V10x_p/CH32V10x_Lib/ch32v10x_tim.o
 .debug_aranges
                0x0000000000000b90      0x100 ./CH32V10x/CH32V10x_p/CH32V10x_Lib/ch32v10x_usart.o

.debug_ranges   0x0000000000000000      0xb30
 .debug_ranges  0x0000000000000000       0x90 ./user_c/isr.o
 .debug_ranges  0x0000000000000090       0x18 ./user_c/main.o
 .debug_ranges  0x00000000000000a8       0x18 ./hefei_peripheral/HF_HC_SR04.o
 .debug_ranges  0x00000000000000c0       0x20 ./hefei_peripheral/HF_L9110S_2.o
 .debug_ranges  0x00000000000000e0       0x40 ./hefei_peripheral/HF_TM1637.o
 .debug_ranges  0x0000000000000120       0x18 ./hefei_peripheral/HF_WS2812b.o
 .debug_ranges  0x0000000000000138       0x18 ./hefei_libraries/board/board.o
 .debug_ranges  0x0000000000000150       0x30 ./hefei_libraries/board/clock_config.o
 .debug_ranges  0x0000000000000180       0x20 ./hefei_libraries/delay.o
 .debug_ranges  0x00000000000001a0       0x40 ./hefei_libraries/hf_adc.o
 .debug_ranges  0x00000000000001e0       0x18 ./hefei_libraries/hf_exti.o
 .debug_ranges  0x00000000000001f8       0x30 ./hefei_libraries/hf_gpio.o
 .debug_ranges  0x0000000000000228       0x30 ./hefei_libraries/hf_nvic.o
 .debug_ranges  0x0000000000000258       0x30 ./hefei_libraries/hf_pwm.o
 .debug_ranges  0x0000000000000288       0x10 ./hefei_libraries/hf_tim.o
 .debug_ranges  0x0000000000000298       0x48 ./hefei_libraries/hf_uart.o
 .debug_ranges  0x00000000000002e0       0x28 ./CODE/board_led.o
 .debug_ranges  0x0000000000000308       0x18 ./CODE/car_4keys.o
 .debug_ranges  0x0000000000000320       0x18 ./CODE/car_adc.o
 .debug_ranges  0x0000000000000338       0x20 ./CODE/car_buzzer.o
 .debug_ranges  0x0000000000000358       0x18 ./CODE/car_init.o
 .debug_ranges  0x0000000000000370       0x18 ./CODE/car_reed_switch.o
 .debug_ranges  0x0000000000000388       0x28 ./CODE/car_uart.o
 .debug_ranges  0x00000000000003b0       0x10 ./CODE/car_value_process.o
 .debug_ranges  0x00000000000003c0       0x28 ./CH32V10x/CH32V10x_p/Startup/startup_ch32v10x.o
 .debug_ranges  0x00000000000003e8      0x130 ./CH32V10x/CH32V10x_p/CH32V10x_Lib/ch32v10x_adc.o
 .debug_ranges  0x0000000000000518       0x40 ./CH32V10x/CH32V10x_p/CH32V10x_Lib/ch32v10x_exti.o
 .debug_ranges  0x0000000000000558       0x90 ./CH32V10x/CH32V10x_p/CH32V10x_Lib/ch32v10x_gpio.o
 .debug_ranges  0x00000000000005e8       0x48 ./CH32V10x/CH32V10x_p/CH32V10x_Lib/ch32v10x_misc.o
 .debug_ranges  0x0000000000000630      0x108 ./CH32V10x/CH32V10x_p/CH32V10x_Lib/ch32v10x_rcc.o
 .debug_ranges  0x0000000000000738      0x308 ./CH32V10x/CH32V10x_p/CH32V10x_Lib/ch32v10x_tim.o
 .debug_ranges  0x0000000000000a40       0xf0 ./CH32V10x/CH32V10x_p/CH32V10x_Lib/ch32v10x_usart.o

.debug_line     0x0000000000000000    0x10005
 .debug_line    0x0000000000000000      0x7be ./user_c/isr.o
 .debug_line    0x00000000000007be      0x420 ./user_c/main.o
 .debug_line    0x0000000000000bde      0x5bc ./hefei_peripheral/HF_HC_SR04.o
 .debug_line    0x000000000000119a      0x475 ./hefei_peripheral/HF_L9110S_2.o
 .debug_line    0x000000000000160f      0x613 ./hefei_peripheral/HF_TM1637.o
 .debug_line    0x0000000000001c22      0x5db ./hefei_peripheral/HF_WS2812b.o
 .debug_line    0x00000000000021fd      0x4ef ./hefei_libraries/board/board.o
 .debug_line    0x00000000000026ec      0x556 ./hefei_libraries/board/clock_config.o
 .debug_line    0x0000000000002c42      0x1e9 ./hefei_libraries/common.o
 .debug_line    0x0000000000002e2b      0x4b9 ./hefei_libraries/delay.o
 .debug_line    0x00000000000032e4      0x889 ./hefei_libraries/hf_adc.o
 .debug_line    0x0000000000003b6d      0x4bb ./hefei_libraries/hf_exti.o
 .debug_line    0x0000000000004028      0x6e9 ./hefei_libraries/hf_gpio.o
 .debug_line    0x0000000000004711      0x5cb ./hefei_libraries/hf_nvic.o
 .debug_line    0x0000000000004cdc      0x89c ./hefei_libraries/hf_pwm.o
 .debug_line    0x0000000000005578      0x4a2 ./hefei_libraries/hf_tim.o
 .debug_line    0x0000000000005a1a      0x897 ./hefei_libraries/hf_uart.o
 .debug_line    0x00000000000062b1      0x3d6 ./CODE/board_led.o
 .debug_line    0x0000000000006687      0x451 ./CODE/car_4keys.o
 .debug_line    0x0000000000006ad8      0x3c9 ./CODE/car_adc.o
 .debug_line    0x0000000000006ea1      0x3e6 ./CODE/car_buzzer.o
 .debug_line    0x0000000000007287      0x58f ./CODE/car_init.o
 .debug_line    0x0000000000007816      0x33d ./CODE/car_reed_switch.o
 .debug_line    0x0000000000007b53      0x389 ./CODE/car_uart.o
 .debug_line    0x0000000000007edc      0x3e7 ./CODE/car_value_process.o
 .debug_line    0x00000000000082c3      0x278 ./CH32V10x/CH32V10x_p/Startup/startup_ch32v10x.o
 .debug_line    0x000000000000853b     0x146f ./CH32V10x/CH32V10x_p/CH32V10x_Lib/ch32v10x_adc.o
 .debug_line    0x00000000000099aa      0x54b ./CH32V10x/CH32V10x_p/CH32V10x_Lib/ch32v10x_exti.o
 .debug_line    0x0000000000009ef5      0xc72 ./CH32V10x/CH32V10x_p/CH32V10x_Lib/ch32v10x_gpio.o
 .debug_line    0x000000000000ab67      0x3bd ./CH32V10x/CH32V10x_p/CH32V10x_Lib/ch32v10x_misc.o
 .debug_line    0x000000000000af24      0xff7 ./CH32V10x/CH32V10x_p/CH32V10x_Lib/ch32v10x_rcc.o
 .debug_line    0x000000000000bf1b     0x312c ./CH32V10x/CH32V10x_p/CH32V10x_Lib/ch32v10x_tim.o
 .debug_line    0x000000000000f047      0xfbe ./CH32V10x/CH32V10x_p/CH32V10x_Lib/ch32v10x_usart.o

.debug_str      0x0000000000000000     0x443b
 .debug_str     0x0000000000000000      0x9af ./user_c/isr.o
                                        0xa3f (size before relaxing)
 .debug_str     0x00000000000009af       0xc2 ./user_c/main.o
                                        0x77a (size before relaxing)
 .debug_str     0x0000000000000a71      0x123 ./hefei_peripheral/HF_HC_SR04.o
                                        0x9a5 (size before relaxing)
 .debug_str     0x0000000000000b94      0x200 ./hefei_peripheral/HF_L9110S_2.o
                                        0x8c9 (size before relaxing)
 .debug_str     0x0000000000000d94       0xee ./hefei_peripheral/HF_TM1637.o
                                        0x82e (size before relaxing)
 .debug_str     0x0000000000000e82       0x9f ./hefei_peripheral/HF_WS2812b.o
                                        0xa1d (size before relaxing)
 .debug_str     0x0000000000000f21      0x15f ./hefei_libraries/board/board.o
                                        0x863 (size before relaxing)
 .debug_str     0x0000000000001080      0x198 ./hefei_libraries/board/clock_config.o
                                        0x335 (size before relaxing)
 .debug_str     0x0000000000001218       0x75 ./hefei_libraries/common.o
                                        0x6b4 (size before relaxing)
 .debug_str     0x000000000000128d      0x110 ./hefei_libraries/delay.o
                                        0x78e (size before relaxing)
 .debug_str     0x000000000000139d      0x392 ./hefei_libraries/hf_adc.o
                                        0xa8c (size before relaxing)
 .debug_str     0x000000000000172f      0x1d7 ./hefei_libraries/hf_exti.o
                                        0x88a (size before relaxing)
 .debug_str     0x0000000000001906      0x235 ./hefei_libraries/hf_gpio.o
                                        0x8eb (size before relaxing)
 .debug_str     0x0000000000001b3b      0x410 ./hefei_libraries/hf_nvic.o
                                        0xb01 (size before relaxing)
 .debug_str     0x0000000000001f4b      0x244 ./hefei_libraries/hf_pwm.o
                                        0xbfc (size before relaxing)
 .debug_str     0x000000000000218f      0x130 ./hefei_libraries/hf_tim.o
                                        0x963 (size before relaxing)
 .debug_str     0x00000000000022bf      0x1fa ./hefei_libraries/hf_uart.o
                                        0xc9a (size before relaxing)
 .debug_str     0x00000000000024b9       0xb8 ./CODE/board_led.o
                                        0x7d5 (size before relaxing)
 .debug_str     0x0000000000002571       0x9a ./CODE/car_4keys.o
                                        0x7b7 (size before relaxing)
 .debug_str     0x000000000000260b       0x9d ./CODE/car_adc.o
                                        0x777 (size before relaxing)
 .debug_str     0x00000000000026a8       0x9a ./CODE/car_buzzer.o
                                        0x89e (size before relaxing)
 .debug_str     0x0000000000002742       0x86 ./CODE/car_init.o
                                        0xc75 (size before relaxing)
 .debug_str     0x00000000000027c8       0x90 ./CODE/car_reed_switch.o
                                        0x791 (size before relaxing)
 .debug_str     0x0000000000002858       0xba ./CODE/car_uart.o
                                        0x7f5 (size before relaxing)
 .debug_str     0x0000000000002912       0x8a ./CODE/car_value_process.o
                                        0x73f (size before relaxing)
 .debug_str     0x000000000000299c       0x95 ./CH32V10x/CH32V10x_p/Startup/startup_ch32v10x.o
                                        0x107 (size before relaxing)
 .debug_str     0x0000000000002a31      0x493 ./CH32V10x/CH32V10x_p/CH32V10x_Lib/ch32v10x_adc.o
                                        0x86f (size before relaxing)
 .debug_str     0x0000000000002ec4      0x11a ./CH32V10x/CH32V10x_p/CH32V10x_Lib/ch32v10x_exti.o
                                        0x433 (size before relaxing)
 .debug_str     0x0000000000002fde      0x242 ./CH32V10x/CH32V10x_p/CH32V10x_Lib/ch32v10x_gpio.o
                                        0x5e1 (size before relaxing)
 .debug_str     0x0000000000003220       0xf7 ./CH32V10x/CH32V10x_p/CH32V10x_Lib/ch32v10x_misc.o
                                        0x667 (size before relaxing)
 .debug_str     0x0000000000003317      0x3ed ./CH32V10x/CH32V10x_p/CH32V10x_Lib/ch32v10x_rcc.o
                                        0x70b (size before relaxing)
 .debug_str     0x0000000000003704      0x970 ./CH32V10x/CH32V10x_p/CH32V10x_Lib/ch32v10x_tim.o
                                        0xf21 (size before relaxing)
 .debug_str     0x0000000000004074      0x3c7 ./CH32V10x/CH32V10x_p/CH32V10x_Lib/ch32v10x_usart.o
                                        0x7bd (size before relaxing)

.comment        0x0000000000000000       0x33
 .comment       0x0000000000000000       0x33 ./user_c/isr.o
                                         0x34 (size before relaxing)
 .comment       0x0000000000000033       0x34 ./user_c/main.o
 .comment       0x0000000000000033       0x34 ./hefei_peripheral/HF_HC_SR04.o
 .comment       0x0000000000000033       0x34 ./hefei_peripheral/HF_L9110S_2.o
 .comment       0x0000000000000033       0x34 ./hefei_peripheral/HF_TM1637.o
 .comment       0x0000000000000033       0x34 ./hefei_peripheral/HF_WS2812b.o
 .comment       0x0000000000000033       0x34 ./hefei_libraries/board/board.o
 .comment       0x0000000000000033       0x34 ./hefei_libraries/board/clock_config.o
 .comment       0x0000000000000033       0x34 ./hefei_libraries/common.o
 .comment       0x0000000000000033       0x34 ./hefei_libraries/delay.o
 .comment       0x0000000000000033       0x34 ./hefei_libraries/hf_adc.o
 .comment       0x0000000000000033       0x34 ./hefei_libraries/hf_exti.o
 .comment       0x0000000000000033       0x34 ./hefei_libraries/hf_gpio.o
 .comment       0x0000000000000033       0x34 ./hefei_libraries/hf_nvic.o
 .comment       0x0000000000000033       0x34 ./hefei_libraries/hf_pwm.o
 .comment       0x0000000000000033       0x34 ./hefei_libraries/hf_tim.o
 .comment       0x0000000000000033       0x34 ./hefei_libraries/hf_uart.o
 .comment       0x0000000000000033       0x34 ./CODE/board_led.o
 .comment       0x0000000000000033       0x34 ./CODE/car_4keys.o
 .comment       0x0000000000000033       0x34 ./CODE/car_adc.o
 .comment       0x0000000000000033       0x34 ./CODE/car_buzzer.o
 .comment       0x0000000000000033       0x34 ./CODE/car_init.o
 .comment       0x0000000000000033       0x34 ./CODE/car_reed_switch.o
 .comment       0x0000000000000033       0x34 ./CODE/car_uart.o
 .comment       0x0000000000000033       0x34 ./CODE/car_value_process.o
 .comment       0x0000000000000033       0x34 ./CH32V10x/CH32V10x_p/CH32V10x_Lib/ch32v10x_adc.o
 .comment       0x0000000000000033       0x34 ./CH32V10x/CH32V10x_p/CH32V10x_Lib/ch32v10x_exti.o
 .comment       0x0000000000000033       0x34 ./CH32V10x/CH32V10x_p/CH32V10x_Lib/ch32v10x_gpio.o
 .comment       0x0000000000000033       0x34 ./CH32V10x/CH32V10x_p/CH32V10x_Lib/ch32v10x_misc.o
 .comment       0x0000000000000033       0x34 ./CH32V10x/CH32V10x_p/CH32V10x_Lib/ch32v10x_rcc.o
 .comment       0x0000000000000033       0x34 ./CH32V10x/CH32V10x_p/CH32V10x_Lib/ch32v10x_tim.o
 .comment       0x0000000000000033       0x34 ./CH32V10x/CH32V10x_p/CH32V10x_Lib/ch32v10x_usart.o

.debug_frame    0x0000000000000000     0x1df0
 .debug_frame   0x0000000000000000      0x22c ./user_c/isr.o
 .debug_frame   0x000000000000022c       0x50 ./user_c/main.o
 .debug_frame   0x000000000000027c       0x60 ./hefei_peripheral/HF_HC_SR04.o
 .debug_frame   0x00000000000002dc       0x7c ./hefei_peripheral/HF_L9110S_2.o
 .debug_frame   0x0000000000000358      0x10c ./hefei_peripheral/HF_TM1637.o
 .debug_frame   0x0000000000000464       0x5c ./hefei_peripheral/HF_WS2812b.o
 .debug_frame   0x00000000000004c0       0x58 ./hefei_libraries/board/board.o
 .debug_frame   0x0000000000000518       0x2c ./hefei_libraries/board/clock_config.o
 .debug_frame   0x0000000000000544       0x40 ./hefei_libraries/delay.o
 .debug_frame   0x0000000000000584       0x9c ./hefei_libraries/hf_adc.o
 .debug_frame   0x0000000000000620       0x48 ./hefei_libraries/hf_exti.o
 .debug_frame   0x0000000000000668       0x90 ./hefei_libraries/hf_gpio.o
 .debug_frame   0x00000000000006f8       0x78 ./hefei_libraries/hf_nvic.o
 .debug_frame   0x0000000000000770       0x84 ./hefei_libraries/hf_pwm.o
 .debug_frame   0x00000000000007f4       0x3c ./hefei_libraries/hf_tim.o
 .debug_frame   0x0000000000000830      0x120 ./hefei_libraries/hf_uart.o
 .debug_frame   0x0000000000000950       0xa0 ./CODE/board_led.o
 .debug_frame   0x00000000000009f0       0x58 ./CODE/car_4keys.o
 .debug_frame   0x0000000000000a48       0x58 ./CODE/car_adc.o
 .debug_frame   0x0000000000000aa0       0x7c ./CODE/car_buzzer.o
 .debug_frame   0x0000000000000b1c       0x58 ./CODE/car_init.o
 .debug_frame   0x0000000000000b74       0x58 ./CODE/car_reed_switch.o
 .debug_frame   0x0000000000000bcc       0xa0 ./CODE/car_uart.o
 .debug_frame   0x0000000000000c6c       0x30 ./CODE/car_value_process.o
 .debug_frame   0x0000000000000c9c      0x27c ./CH32V10x/CH32V10x_p/CH32V10x_Lib/ch32v10x_adc.o
 .debug_frame   0x0000000000000f18       0x90 ./CH32V10x/CH32V10x_p/CH32V10x_Lib/ch32v10x_exti.o
 .debug_frame   0x0000000000000fa8      0x140 ./CH32V10x/CH32V10x_p/CH32V10x_Lib/ch32v10x_gpio.o
 .debug_frame   0x00000000000010e8       0x30 ./CH32V10x/CH32V10x_p/CH32V10x_Lib/ch32v10x_misc.o
 .debug_frame   0x0000000000001118      0x220 ./CH32V10x/CH32V10x_p/CH32V10x_Lib/ch32v10x_rcc.o
 .debug_frame   0x0000000000001338      0x668 ./CH32V10x/CH32V10x_p/CH32V10x_Lib/ch32v10x_tim.o
 .debug_frame   0x00000000000019a0      0x210 ./CH32V10x/CH32V10x_p/CH32V10x_Lib/ch32v10x_usart.o
 .debug_frame   0x0000000000001bb0       0x50 c:/mounriver/mounriver_studio/toolchain/risc-v embedded gcc/bin/../lib/gcc/riscv-none-embed/8.2.0/rv32imac/ilp32\libgcc.a(divdf3.o)
 .debug_frame   0x0000000000001c00       0x54 c:/mounriver/mounriver_studio/toolchain/risc-v embedded gcc/bin/../lib/gcc/riscv-none-embed/8.2.0/rv32imac/ilp32\libgcc.a(muldf3.o)
 .debug_frame   0x0000000000001c54       0x20 c:/mounriver/mounriver_studio/toolchain/risc-v embedded gcc/bin/../lib/gcc/riscv-none-embed/8.2.0/rv32imac/ilp32\libgcc.a(fixunsdfsi.o)
 .debug_frame   0x0000000000001c74       0x40 c:/mounriver/mounriver_studio/toolchain/risc-v embedded gcc/bin/../lib/gcc/riscv-none-embed/8.2.0/rv32imac/ilp32\libgcc.a(addsf3.o)
 .debug_frame   0x0000000000001cb4       0x50 c:/mounriver/mounriver_studio/toolchain/risc-v embedded gcc/bin/../lib/gcc/riscv-none-embed/8.2.0/rv32imac/ilp32\libgcc.a(divsf3.o)
 .debug_frame   0x0000000000001d04       0x50 c:/mounriver/mounriver_studio/toolchain/risc-v embedded gcc/bin/../lib/gcc/riscv-none-embed/8.2.0/rv32imac/ilp32\libgcc.a(mulsf3.o)
 .debug_frame   0x0000000000001d54       0x44 c:/mounriver/mounriver_studio/toolchain/risc-v embedded gcc/bin/../lib/gcc/riscv-none-embed/8.2.0/rv32imac/ilp32\libgcc.a(floatunsisf.o)
 .debug_frame   0x0000000000001d98       0x38 c:/mounriver/mounriver_studio/toolchain/risc-v embedded gcc/bin/../lib/gcc/riscv-none-embed/8.2.0/rv32imac/ilp32\libgcc.a(extendsfdf2.o)
 .debug_frame   0x0000000000001dd0       0x20 c:/mounriver/mounriver_studio/toolchain/risc-v embedded gcc/bin/../lib/gcc/riscv-none-embed/8.2.0/rv32imac/ilp32\libgcc.a(_clzsi2.o)

.debug_loc      0x0000000000000000     0x5167
 .debug_loc     0x0000000000000000       0x42 ./hefei_libraries/delay.o
 .debug_loc     0x0000000000000042      0x356 ./hefei_libraries/hf_adc.o
 .debug_loc     0x0000000000000398       0x79 ./hefei_libraries/hf_exti.o
 .debug_loc     0x0000000000000411      0x488 ./hefei_libraries/hf_gpio.o
 .debug_loc     0x0000000000000899       0xd0 ./hefei_libraries/hf_nvic.o
 .debug_loc     0x0000000000000969      0x6bf ./hefei_libraries/hf_pwm.o
 .debug_loc     0x0000000000001028       0xcf ./hefei_libraries/hf_tim.o
 .debug_loc     0x00000000000010f7      0x48c ./hefei_libraries/hf_uart.o
 .debug_loc     0x0000000000001583      0xa15 ./CH32V10x/CH32V10x_p/CH32V10x_Lib/ch32v10x_adc.o
 .debug_loc     0x0000000000001f98      0x181 ./CH32V10x/CH32V10x_p/CH32V10x_Lib/ch32v10x_exti.o
 .debug_loc     0x0000000000002119      0x647 ./CH32V10x/CH32V10x_p/CH32V10x_Lib/ch32v10x_gpio.o
 .debug_loc     0x0000000000002760       0x4b ./CH32V10x/CH32V10x_p/CH32V10x_Lib/ch32v10x_misc.o
 .debug_loc     0x00000000000027ab      0x76c ./CH32V10x/CH32V10x_p/CH32V10x_Lib/ch32v10x_rcc.o
 .debug_loc     0x0000000000002f17     0x1aa3 ./CH32V10x/CH32V10x_p/CH32V10x_Lib/ch32v10x_tim.o
 .debug_loc     0x00000000000049ba      0x7ad ./CH32V10x/CH32V10x_p/CH32V10x_Lib/ch32v10x_usart.o

.stabstr        0x0000000000000000      0x183
 .stabstr       0x0000000000000000      0x183 c:/mounriver/mounriver_studio/toolchain/risc-v embedded gcc/bin/../lib/gcc/riscv-none-embed/8.2.0/../../../../riscv-none-embed/lib/rv32imac/ilp32\libnosys.a(close.o)
