Archive member included to satisfy reference by file (symbol)

d:/smart-car/mounriver_studio_setup_v151/mounriver/mounriver_studio/toolchain/risc-v embedded gcc/bin/../lib/gcc/riscv-none-embed/8.2.0/../../../../riscv-none-embed/lib/rv32imac/ilp32\libg_nano.a(lib_a-assert.o)
                              ./hefei_libraries/hf_adc.o (__assert_func)
d:/smart-car/mounriver_studio_setup_v151/mounriver/mounriver_studio/toolchain/risc-v embedded gcc/bin/../lib/gcc/riscv-none-embed/8.2.0/../../../../riscv-none-embed/lib/rv32imac/ilp32\libg_nano.a(lib_a-fprintf.o)
                              d:/smart-car/mounriver_studio_setup_v151/mounriver/mounriver_studio/toolchain/risc-v embedded gcc/bin/../lib/gcc/riscv-none-embed/8.2.0/../../../../riscv-none-embed/lib/rv32imac/ilp32\libg_nano.a(lib_a-assert.o) (fiprintf)
d:/smart-car/mounriver_studio_setup_v151/mounriver/mounriver_studio/toolchain/risc-v embedded gcc/bin/../lib/gcc/riscv-none-embed/8.2.0/../../../../riscv-none-embed/lib/rv32imac/ilp32\libg_nano.a(lib_a-impure.o)
                              d:/smart-car/mounriver_studio_setup_v151/mounriver/mounriver_studio/toolchain/risc-v embedded gcc/bin/../lib/gcc/riscv-none-embed/8.2.0/../../../../riscv-none-embed/lib/rv32imac/ilp32\libg_nano.a(lib_a-assert.o) (_impure_ptr)
d:/smart-car/mounriver_studio_setup_v151/mounriver/mounriver_studio/toolchain/risc-v embedded gcc/bin/../lib/gcc/riscv-none-embed/8.2.0/../../../../riscv-none-embed/lib/rv32imac/ilp32\libg_nano.a(lib_a-nano-vfprintf.o)
                              d:/smart-car/mounriver_studio_setup_v151/mounriver/mounriver_studio/toolchain/risc-v embedded gcc/bin/../lib/gcc/riscv-none-embed/8.2.0/../../../../riscv-none-embed/lib/rv32imac/ilp32\libg_nano.a(lib_a-fprintf.o) (_vfprintf_r)
d:/smart-car/mounriver_studio_setup_v151/mounriver/mounriver_studio/toolchain/risc-v embedded gcc/bin/../lib/gcc/riscv-none-embed/8.2.0/../../../../riscv-none-embed/lib/rv32imac/ilp32\libg_nano.a(lib_a-nano-vfprintf_i.o)
                              d:/smart-car/mounriver_studio_setup_v151/mounriver/mounriver_studio/toolchain/risc-v embedded gcc/bin/../lib/gcc/riscv-none-embed/8.2.0/../../../../riscv-none-embed/lib/rv32imac/ilp32\libg_nano.a(lib_a-nano-vfprintf.o) (_printf_i)
d:/smart-car/mounriver_studio_setup_v151/mounriver/mounriver_studio/toolchain/risc-v embedded gcc/bin/../lib/gcc/riscv-none-embed/8.2.0/../../../../riscv-none-embed/lib/rv32imac/ilp32\libg_nano.a(lib_a-wbuf.o)
                              d:/smart-car/mounriver_studio_setup_v151/mounriver/mounriver_studio/toolchain/risc-v embedded gcc/bin/../lib/gcc/riscv-none-embed/8.2.0/../../../../riscv-none-embed/lib/rv32imac/ilp32\libg_nano.a(lib_a-nano-vfprintf.o) (__swbuf_r)
d:/smart-car/mounriver_studio_setup_v151/mounriver/mounriver_studio/toolchain/risc-v embedded gcc/bin/../lib/gcc/riscv-none-embed/8.2.0/../../../../riscv-none-embed/lib/rv32imac/ilp32\libg_nano.a(lib_a-wsetup.o)
                              d:/smart-car/mounriver_studio_setup_v151/mounriver/mounriver_studio/toolchain/risc-v embedded gcc/bin/../lib/gcc/riscv-none-embed/8.2.0/../../../../riscv-none-embed/lib/rv32imac/ilp32\libg_nano.a(lib_a-nano-vfprintf.o) (__swsetup_r)
d:/smart-car/mounriver_studio_setup_v151/mounriver/mounriver_studio/toolchain/risc-v embedded gcc/bin/../lib/gcc/riscv-none-embed/8.2.0/../../../../riscv-none-embed/lib/rv32imac/ilp32\libg_nano.a(lib_a-abort.o)
                              d:/smart-car/mounriver_studio_setup_v151/mounriver/mounriver_studio/toolchain/risc-v embedded gcc/bin/../lib/gcc/riscv-none-embed/8.2.0/../../../../riscv-none-embed/lib/rv32imac/ilp32\libg_nano.a(lib_a-assert.o) (abort)
d:/smart-car/mounriver_studio_setup_v151/mounriver/mounriver_studio/toolchain/risc-v embedded gcc/bin/../lib/gcc/riscv-none-embed/8.2.0/../../../../riscv-none-embed/lib/rv32imac/ilp32\libg_nano.a(lib_a-fflush.o)
                              d:/smart-car/mounriver_studio_setup_v151/mounriver/mounriver_studio/toolchain/risc-v embedded gcc/bin/../lib/gcc/riscv-none-embed/8.2.0/../../../../riscv-none-embed/lib/rv32imac/ilp32\libg_nano.a(lib_a-wbuf.o) (_fflush_r)
d:/smart-car/mounriver_studio_setup_v151/mounriver/mounriver_studio/toolchain/risc-v embedded gcc/bin/../lib/gcc/riscv-none-embed/8.2.0/../../../../riscv-none-embed/lib/rv32imac/ilp32\libg_nano.a(lib_a-findfp.o)
                              d:/smart-car/mounriver_studio_setup_v151/mounriver/mounriver_studio/toolchain/risc-v embedded gcc/bin/../lib/gcc/riscv-none-embed/8.2.0/../../../../riscv-none-embed/lib/rv32imac/ilp32\libg_nano.a(lib_a-nano-vfprintf.o) (__sinit)
d:/smart-car/mounriver_studio_setup_v151/mounriver/mounriver_studio/toolchain/risc-v embedded gcc/bin/../lib/gcc/riscv-none-embed/8.2.0/../../../../riscv-none-embed/lib/rv32imac/ilp32\libg_nano.a(lib_a-fvwrite.o)
[...]
Memory Configuration

Name             Origin             Length             Attributes
FLASH            0x0000000000000000 0x0000000000010000 xr
RAM              0x0000000020000000 0x0000000000005000 xrw
*default*        0x0000000000000000 0xffffffffffffffff

Linker script and memory map

LOAD ./user_c/isr.o
LOAD ./user_c/main.o
LOAD ./hefei_peripheral/HF_L9110S_2.o
LOAD ./hefei_peripheral/HF_TM1637.o
LOAD ./hefei_peripheral/HF_WS2812b.o
LOAD ./hefei_libraries/board/board.o
LOAD ./hefei_libraries/board/clock_config.o
LOAD ./hefei_libraries/board/misc.o
LOAD ./hefei_libraries/common.o
LOAD ./hefei_libraries/delay.o
LOAD ./hefei_libraries/hf_adc.o
LOAD ./hefei_libraries/hf_dma.o
LOAD ./hefei_libraries/hf_encoder.o
LOAD ./hefei_libraries/hf_exti.o
LOAD ./hefei_libraries/hf_flash.o
LOAD ./hefei_libraries/hf_gpio.o
LOAD ./hefei_libraries/hf_i2c_hardware.o
LOAD ./hefei_libraries/hf_i2c_software.o
LOAD ./hefei_libraries/hf_nvic.o
LOAD ./hefei_libraries/hf_pit.o
LOAD ./hefei_libraries/hf_pwm.o
LOAD ./hefei_libraries/hf_spi.o
LOAD ./hefei_libraries/hf_systick.o
LOAD ./hefei_libraries/hf_tim.o
LOAD ./hefei_libraries/hf_uart.o
LOAD ./CODE/car_4keys.o
LOAD ./CODE/car_init.o
LOAD ./CODE/car_light.o
LOAD ./CODE/car_motion.o
LOAD ./CH32V10x/Core/core_riscv.o
LOAD ./CH32V10x/CH32V10x_p/Startup/startup_ch32v10x.o
LOAD ./CH32V10x/CH32V10x_p/CH32V10x_Lib/ch32v10x_adc.o
LOAD ./CH32V10x/CH32V10x_p/CH32V10x_Lib/ch32v10x_bkp.o
LOAD ./CH32V10x/CH32V10x_p/CH32V10x_Lib/ch32v10x_crc.o
LOAD ./CH32V10x/CH32V10x_p/CH32V10x_Lib/ch32v10x_dbgmcu.o
LOAD ./CH32V10x/CH32V10x_p/CH32V10x_Lib/ch32v10x_dma.o
LOAD ./CH32V10x/CH32V10x_p/CH32V10x_Lib/ch32v10x_exti.o
LOAD ./CH32V10x/CH32V10x_p/CH32V10x_Lib/ch32v10x_flash.o
LOAD ./CH32V10x/CH32V10x_p/CH32V10x_Lib/ch32v10x_gpio.o
LOAD ./CH32V10x/CH32V10x_p/CH32V10x_Lib/ch32v10x_i2c.o
LOAD ./CH32V10x/CH32V10x_p/CH32V10x_Lib/ch32v10x_iwdg.o
LOAD ./CH32V10x/CH32V10x_p/CH32V10x_Lib/ch32v10x_misc.o
LOAD ./CH32V10x/CH32V10x_p/CH32V10x_Lib/ch32v10x_pwr.o
LOAD ./CH32V10x/CH32V10x_p/CH32V10x_Lib/ch32v10x_rcc.o
LOAD ./CH32V10x/CH32V10x_p/CH32V10x_Lib/ch32v10x_rtc.o
LOAD ./CH32V10x/CH32V10x_p/CH32V10x_Lib/ch32v10x_spi.o
LOAD ./CH32V10x/CH32V10x_p/CH32V10x_Lib/ch32v10x_tim.o
LOAD ./CH32V10x/CH32V10x_p/CH32V10x_Lib/ch32v10x_usart.o
LOAD ./CH32V10x/CH32V10x_p/CH32V10x_Lib/ch32v10x_usb.o
LOAD ./CH32V10x/CH32V10x_p/CH32V10x_Lib/ch32v10x_usb_host.o
LOAD ./CH32V10x/CH32V10x_p/CH32V10x_Lib/ch32v10x_wwdg.o
LOAD d:/smart-car/mounriver_studio_setup_v151/mounriver/mounriver_studio/toolchain/risc-v embedded gcc/bin/../lib/gcc/riscv-none-embed/8.2.0/rv32imac/ilp32\libgcc.a
LOAD d:/smart-car/mounriver_studio_setup_v151/mounriver/mounriver_studio/toolchain/risc-v embedded gcc/bin/../lib/gcc/riscv-none-embed/8.2.0/../../../../riscv-none-embed/lib/rv32imac/ilp32\libg_nano.a
LOAD d:/smart-car/mounriver_studio_setup_v151/mounriver/mounriver_studio/toolchain/risc-v embedded gcc/bin/../lib/gcc/riscv-none-embed/8.2.0/../../../../riscv-none-embed/lib/rv32imac/ilp32\libc_nano.a
LOAD d:/smart-car/mounriver_studio_setup_v151/mounriver/mounriver_studio/toolchain/risc-v embedded gcc/bin/../lib/gcc/riscv-none-embed/8.2.0/rv32imac/ilp32\libgcc.a
START GROUP
LOAD d:/smart-car/mounriver_studio_setup_v151/mounriver/mounriver_studio/toolchain/risc-v embedded gcc/bin/../lib/gcc/riscv-none-embed/8.2.0/rv32imac/ilp32\libgcc.a
LOAD d:/smart-car/mounriver_studio_setup_v151/mounriver/mounriver_studio/toolchain/risc-v embedded gcc/bin/../lib/gcc/riscv-none-embed/8.2.0/../../../../riscv-none-embed/lib/rv32imac/ilp32\libc_nano.a
LOAD d:/smart-car/mounriver_studio_setup_v151/mounriver/mounriver_studio/toolchain/risc-v embedded gcc/bin/../lib/gcc/riscv-none-embed/8.2.0/../../../../riscv-none-embed/lib/rv32imac/ilp32\libnosys.a
END GROUP
START GROUP
LOAD d:/smart-car/mounriver_studio_setup_v151/mounriver/mounriver_studio/toolchain/risc-v embedded gcc/bin/../lib/gcc/riscv-none-embed/8.2.0/rv32imac/ilp32\libgcc.a
LOAD d:/smart-car/mounriver_studio_setup_v151/mounriver/mounriver_studio/toolchain/risc-v embedded gcc/bin/../lib/gcc/riscv-none-embed/8.2.0/../../../../riscv-none-embed/lib/rv32imac/ilp32\libc_nano.a
LOAD d:/smart-car/mounriver_studio_setup_v151/mounriver/mounriver_studio/toolchain/risc-v embedded gcc/bin/../lib/gcc/riscv-none-embed/8.2.0/../../../../riscv-none-embed/lib/rv32imac/ilp32\libnosys.a
END GROUP
                0x0000000000000800                __stack_size = 0x800
                [!provide]                        PROVIDE (_stack_size = __stack_size)

.init           0x0000000000000000       0x38
                0x0000000000000000                _sinit = .
                0x0000000000000000                . = ALIGN (0x4)
 *(SORT_NONE(.init))
 .init          0x0000000000000000       0x38 ./CH32V10x/CH32V10x_p/Startup/startup_ch32v10x.o
                0x0000000000000000                _start
                0x0000000000000038                . = ALIGN (0x4)
                0x0000000000000038                _einit = .

.vector         0x0000000000000038      0x108
 *(.vector)
 .vector        0x0000000000000038       0xf0 ./CH32V10x/CH32V10x_p/Startup/startup_ch32v10x.o
                0x0000000000000140                . = ALIGN (0x40)
 *fill*         0x0000000000000128       0x18 

.text           0x0000000000000140     0x1574
                0x0000000000000140                . = ALIGN (0x4)
 *(.text)
 *(.text.*)
 .text.EXTI0_IRQHandler
                0x0000000000000140        0x4 ./user_c/isr.o
                0x0000000000000140                EXTI0_IRQHandler
 .text.EXTI1_IRQHandler
                0x0000000000000144       0x16 ./user_c/isr.o
                0x0000000000000144                EXTI1_IRQHandler
 .text.EXTI2_IRQHandler
                0x000000000000015a        0xa ./user_c/isr.o
                0x000000000000015a                EXTI2_IRQHandler
 .text.EXTI3_IRQHandler
                0x0000000000000164        0x4 ./user_c/isr.o
                0x0000000000000164                EXTI3_IRQHandler
 .text.EXTI4_IRQHandler
                0x0000000000000168        0x4 ./user_c/isr.o
                0x0000000000000168                EXTI4_IRQHandler
 .text.EXTI9_5_IRQHandler
                0x000000000000016c        0x4 ./user_c/isr.o
                0x000000000000016c                EXTI9_5_IRQHandler
 .text.EXTI15_10_IRQHandler
                0x0000000000000170        0x4 ./user_c/isr.o
                0x0000000000000170                EXTI15_10_IRQHandler
 .text.ADC1_2_IRQHandler
                0x0000000000000174        0x4 ./user_c/isr.o
                0x0000000000000174                ADC1_2_IRQHandler
 .text.TIM1_BRK_IRQHandler
                0x0000000000000178       0x2a ./user_c/isr.o
                0x0000000000000178                TIM1_BRK_IRQHandler
 .text.TIM1_UP_IRQHandler
                0x00000000000001a2       0x26 ./user_c/isr.o
                0x00000000000001a2                TIM1_UP_IRQHandler
 .text.TIM1_TRG_COM_IRQHandler
                0x00000000000001c8       0x48 ./user_c/isr.o
                0x00000000000001c8                TIM1_TRG_COM_IRQHandler
 .text.TIM1_CC_IRQHandler
                0x0000000000000210       0x74 ./user_c/isr.o
                0x0000000000000210                TIM1_CC_IRQHandler
 .text.TIM2_IRQHandler
                0x0000000000000284       0x1a ./user_c/isr.o
                0x0000000000000284                TIM2_IRQHandler
 .text.TIM3_IRQHandler
                0x000000000000029e       0x26 ./user_c/isr.o
                0x000000000000029e                TIM3_IRQHandler
 .text.TIM4_IRQHandler
                0x00000000000002c4       0x26 ./user_c/isr.o
                0x00000000000002c4                TIM4_IRQHandler
 .text.USART1_IRQHandler
                0x00000000000002ea        0x4 ./user_c/isr.o
                0x00000000000002ea                USART1_IRQHandler
 .text.USART2_IRQHandler
                0x00000000000002ee       0x2a ./user_c/isr.o
                0x00000000000002ee                USART2_IRQHandler
 .text.USART3_IRQHandler
                0x0000000000000318        0x4 ./user_c/isr.o
                0x0000000000000318                USART3_IRQHandler
 .text.DMA1_Channel1_IRQHandler
                0x000000000000031c        0x4 ./user_c/isr.o
                0x000000000000031c                DMA1_Channel1_IRQHandler
 .text.DMA1_Channel2_IRQHandler
                0x0000000000000320        0x4 ./user_c/isr.o
                0x0000000000000320                DMA1_Channel2_IRQHandler
 .text.DMA1_Channel3_IRQHandler
                0x0000000000000324        0x4 ./user_c/isr.o
                0x0000000000000324                DMA1_Channel3_IRQHandler
 .text.DMA1_Channel4_IRQHandler
                0x0000000000000328       0x16 ./user_c/isr.o
                0x0000000000000328                DMA1_Channel4_IRQHandler
 .text.DMA1_Channel5_IRQHandler
                0x000000000000033e        0x4 ./user_c/isr.o
                0x000000000000033e                DMA1_Channel5_IRQHandler
 .text.DMA1_Channel6_IRQHandler
                0x0000000000000342        0x4 ./user_c/isr.o
                0x0000000000000342                DMA1_Channel6_IRQHandler
 .text.DMA1_Channel7_IRQHandler
                0x0000000000000346        0x4 ./user_c/isr.o
                0x0000000000000346                DMA1_Channel7_IRQHandler
 .text.NMI_Handler
                0x000000000000034a        0x4 ./user_c/isr.o
                0x000000000000034a                NMI_Handler
 .text.HardFault_Handler
                0x000000000000034e        0x2 ./user_c/isr.o
                0x000000000000034e                HardFault_Handler
 .text.startup.main
                0x0000000000000350       0x50 ./user_c/main.o
                0x0000000000000350                main
 .text.l9110s_init
                0x00000000000003a0       0x4e ./hefei_peripheral/HF_L9110S_2.o
                0x00000000000003a0                l9110s_init
 .text.ws2812b_init
                0x00000000000003ee       0x24 ./hefei_peripheral/HF_WS2812b.o
                0x00000000000003ee                ws2812b_init
 .text.ws2812b_write
                0x0000000000000412       0xa6 ./hefei_peripheral/HF_WS2812b.o
                0x0000000000000412                ws2812b_write
 .text.board_init
                0x00000000000004b8       0x34 ./hefei_libraries/board/board.o
                0x00000000000004b8                board_init
 .text.SystemInit
                0x00000000000004ec      0x102 ./hefei_libraries/board/clock_config.o
                0x00000000000004ec                SystemInit
 .text.Delay_Init
                0x00000000000005ee       0x26 ./hefei_libraries/delay.o
                0x00000000000005ee                Delay_Init
 .text.Delay_Ms
                0x0000000000000614       0x30 ./hefei_libraries/delay.o
                0x0000000000000614                Delay_Ms
 .text.gpio_init
                0x0000000000000644       0xde ./hefei_libraries/hf_gpio.o
                0x0000000000000644                gpio_init
 .text.gpio_get_input
                0x0000000000000722       0x22 ./hefei_libraries/hf_gpio.o
                0x0000000000000722                gpio_get_input
 .text.close_all_irq
                0x0000000000000744       0x10 ./hefei_libraries/hf_nvic.o
                0x0000000000000744                close_all_irq
 .text.DisableGlobalIRQ
                0x0000000000000754       0x26 ./hefei_libraries/hf_nvic.o
                0x0000000000000754                DisableGlobalIRQ
 .text.sys_recover_irq
                0x000000000000077a       0x18 ./hefei_libraries/hf_nvic.o
                0x000000000000077a                sys_recover_irq
 .text.EnableGlobalIRQ
                0x0000000000000792        0xa ./hefei_libraries/hf_nvic.o
                0x0000000000000792                EnableGlobalIRQ
 .text.pwm_duty
                0x000000000000079c       0x70 ./hefei_libraries/hf_pwm.o
                0x000000000000079c                pwm_duty
 .text.pwm_gpio_init
                0x000000000000080c      0x23a ./hefei_libraries/hf_pwm.o
                0x000000000000080c                pwm_gpio_init
 .text.pwm_init
                0x0000000000000a46      0x112 ./hefei_libraries/hf_pwm.o
                0x0000000000000a46                pwm_init
 .text.timbase_init
                0x0000000000000b58       0x6a ./hefei_libraries/hf_tim.o
                0x0000000000000b58                timbase_init
 .text.uart_gpio_init
                0x0000000000000bc2       0xaa ./hefei_libraries/hf_uart.o
                0x0000000000000bc2                uart_gpio_init
 .text.uart_init
                0x0000000000000c6c       0x78 ./hefei_libraries/hf_uart.o
                0x0000000000000c6c                uart_init
 .text.key_init
                0x0000000000000ce4       0x46 ./CODE/car_4keys.o
                0x0000000000000ce4                key_init
 .text.key_check
                0x0000000000000d2a       0x76 ./CODE/car_4keys.o
                0x0000000000000d2a                key_check
 .text.car_init
                0x0000000000000da0       0x52 ./CODE/car_init.o
                0x0000000000000da0                car_init
 .text.car_both_rgb_on
                0x0000000000000df2       0xb4 ./CODE/car_light.o
                0x0000000000000df2                car_both_rgb_on
 .text.car_both_rgb_off
                0x0000000000000ea6       0x24 ./CODE/car_light.o
                0x0000000000000ea6                car_both_rgb_off
 .text.handle_reset
                0x0000000000000eca       0x7a ./CH32V10x/CH32V10x_p/Startup/startup_ch32v10x.o
                0x0000000000000eca                handle_reset
 .text.DMA_GetFlagStatus
                0x0000000000000f44       0x20 ./CH32V10x/CH32V10x_p/CH32V10x_Lib/ch32v10x_dma.o
                0x0000000000000f44                DMA_GetFlagStatus
 .text.DMA_ClearFlag
                0x0000000000000f64       0x1a ./CH32V10x/CH32V10x_p/CH32V10x_Lib/ch32v10x_dma.o
                0x0000000000000f64                DMA_ClearFlag
 .text.EXTI_GetITStatus
                0x0000000000000f7e       0x1e ./CH32V10x/CH32V10x_p/CH32V10x_Lib/ch32v10x_exti.o
                0x0000000000000f7e                EXTI_GetITStatus
 .text.EXTI_ClearITPendingBit
                0x0000000000000f9c        0xa ./CH32V10x/CH32V10x_p/CH32V10x_Lib/ch32v10x_exti.o
                0x0000000000000f9c                EXTI_ClearITPendingBit
 .text.GPIO_Init
                0x0000000000000fa6       0xc2 ./CH32V10x/CH32V10x_p/CH32V10x_Lib/ch32v10x_gpio.o
                0x0000000000000fa6                GPIO_Init
 .text.GPIO_WriteBit
                0x0000000000001068        0xa ./CH32V10x/CH32V10x_p/CH32V10x_Lib/ch32v10x_gpio.o
                0x0000000000001068                GPIO_WriteBit
 .text.RCC_GetClocksFreq
                0x0000000000001072       0xb0 ./CH32V10x/CH32V10x_p/CH32V10x_Lib/ch32v10x_rcc.o
                0x0000000000001072                RCC_GetClocksFreq
 .text.RCC_APB2PeriphClockCmd
                0x0000000000001122       0x1e ./CH32V10x/CH32V10x_p/CH32V10x_Lib/ch32v10x_rcc.o
                0x0000000000001122                RCC_APB2PeriphClockCmd
 .text.RCC_APB1PeriphClockCmd
                0x0000000000001140       0x1e ./CH32V10x/CH32V10x_p/CH32V10x_Lib/ch32v10x_rcc.o
                0x0000000000001140                RCC_APB1PeriphClockCmd
 .text.TIM_TimeBaseInit
                0x000000000000115e       0x78 ./CH32V10x/CH32V10x_p/CH32V10x_Lib/ch32v10x_tim.o
                0x000000000000115e                TIM_TimeBaseInit
 .text.TIM_OC1Init
                0x00000000000011d6       0x88 ./CH32V10x/CH32V10x_p/CH32V10x_Lib/ch32v10x_tim.o
                0x00000000000011d6                TIM_OC1Init
 .text.TIM_OC2Init
                0x000000000000125e       0xb4 ./CH32V10x/CH32V10x_p/CH32V10x_Lib/ch32v10x_tim.o
                0x000000000000125e                TIM_OC2Init
 .text.TIM_OC3Init
                0x0000000000001312       0xb2 ./CH32V10x/CH32V10x_p/CH32V10x_Lib/ch32v10x_tim.o
                0x0000000000001312                TIM_OC3Init
 .text.TIM_OC4Init
                0x00000000000013c4       0x82 ./CH32V10x/CH32V10x_p/CH32V10x_Lib/ch32v10x_tim.o
                0x00000000000013c4                TIM_OC4Init
 .text.TIM_Cmd  0x0000000000001446       0x1c ./CH32V10x/CH32V10x_p/CH32V10x_Lib/ch32v10x_tim.o
                0x0000000000001446                TIM_Cmd
 .text.TIM_CtrlPWMOutputs
                0x0000000000001462       0x16 ./CH32V10x/CH32V10x_p/CH32V10x_Lib/ch32v10x_tim.o
                0x0000000000001462                TIM_CtrlPWMOutputs
 .text.TIM_OC1PreloadConfig
                0x0000000000001478       0x12 ./CH32V10x/CH32V10x_p/CH32V10x_Lib/ch32v10x_tim.o
                0x0000000000001478                TIM_OC1PreloadConfig
 .text.TIM_OC2PreloadConfig
                0x000000000000148a       0x1a ./CH32V10x/CH32V10x_p/CH32V10x_Lib/ch32v10x_tim.o
                0x000000000000148a                TIM_OC2PreloadConfig
 .text.TIM_OC3PreloadConfig
                0x00000000000014a4       0x12 ./CH32V10x/CH32V10x_p/CH32V10x_Lib/ch32v10x_tim.o
                0x00000000000014a4                TIM_OC3PreloadConfig
 .text.TIM_OC4PreloadConfig
                0x00000000000014b6       0x1a ./CH32V10x/CH32V10x_p/CH32V10x_Lib/ch32v10x_tim.o
                0x00000000000014b6                TIM_OC4PreloadConfig
 .text.TIM_OC2PolarityConfig
                0x00000000000014d0       0x1a ./CH32V10x/CH32V10x_p/CH32V10x_Lib/ch32v10x_tim.o
                0x00000000000014d0                TIM_OC2PolarityConfig
 .text.TIM_SetCounter
                0x00000000000014ea        0x6 ./CH32V10x/CH32V10x_p/CH32V10x_Lib/ch32v10x_tim.o
                0x00000000000014ea                TIM_SetCounter
 .text.TIM_GetFlagStatus
                0x00000000000014f0        0xc ./CH32V10x/CH32V10x_p/CH32V10x_Lib/ch32v10x_tim.o
                0x00000000000014f0                TIM_GetFlagStatus
 .text.TIM_ClearFlag
                0x00000000000014fc        0xe ./CH32V10x/CH32V10x_p/CH32V10x_Lib/ch32v10x_tim.o
                0x00000000000014fc                TIM_ClearFlag
 .text.TIM_GetITStatus
                0x000000000000150a       0x1c ./CH32V10x/CH32V10x_p/CH32V10x_Lib/ch32v10x_tim.o
                0x000000000000150a                TIM_GetITStatus
 .text.TIM_ClearITPendingBit
                0x0000000000001526        0xe ./CH32V10x/CH32V10x_p/CH32V10x_Lib/ch32v10x_tim.o
                0x0000000000001526                TIM_ClearITPendingBit
 .text.USART_Init
                0x0000000000001534       0xd8 ./CH32V10x/CH32V10x_p/CH32V10x_Lib/ch32v10x_usart.o
                0x0000000000001534                USART_Init
 .text.USART_Cmd
                0x000000000000160c       0x1c ./CH32V10x/CH32V10x_p/CH32V10x_Lib/ch32v10x_usart.o
                0x000000000000160c                USART_Cmd
 .text.USART_GetITStatus
                0x0000000000001628       0x44 ./CH32V10x/CH32V10x_p/CH32V10x_Lib/ch32v10x_usart.o
                0x0000000000001628                USART_GetITStatus
 .text.USART_ClearITPendingBit
                0x000000000000166c       0x16 ./CH32V10x/CH32V10x_p/CH32V10x_Lib/ch32v10x_usart.o
                0x000000000000166c                USART_ClearITPendingBit
 *(.rodata)
 *(.rodata*)
 *fill*         0x0000000000001682        0x2 
 .rodata.GPION  0x0000000000001684       0x10 ./hefei_libraries/hf_gpio.o
                0x0000000000001684                GPION
 .rodata.TIMERN
                0x0000000000001694       0x10 ./hefei_libraries/hf_tim.o
                0x0000000000001694                TIMERN
 .rodata.UARTN  0x00000000000016a4       0x10 ./hefei_libraries/hf_uart.o
                0x00000000000016a4                UARTN
 *(.glue_7)
 *(.glue_7t)
 *(.gnu.linkonce.t.*)
                0x00000000000016b4                . = ALIGN (0x4)

.rela.dyn       0x00000000000016b4        0x0
 .rela.init     0x00000000000016b4        0x0 ./user_c/isr.o
 .rela.vector   0x00000000000016b4        0x0 ./user_c/isr.o
 .rela.text.handle_reset
                0x00000000000016b4        0x0 ./user_c/isr.o

.fini           0x00000000000016b4        0x0
 *(SORT_NONE(.fini))
                0x00000000000016b4                . = ALIGN (0x4)
                [!provide]                        PROVIDE (_etext = .)
                [!provide]                        PROVIDE (_eitcm = .)

.preinit_array  0x00000000000016b4        0x0
                [!provide]                        PROVIDE (__preinit_array_start = .)
 *(.preinit_array)
                [!provide]                        PROVIDE (__preinit_array_end = .)

.init_array     0x00000000000016b4        0x0
                [!provide]                        PROVIDE (__init_array_start = .)
 *(SORT_BY_INIT_PRIORITY(.init_array.*) SORT_BY_INIT_PRIORITY(.ctors.*))
 *(.init_array EXCLUDE_FILE(*crtend?.o *crtend.o *crtbegin?.o *crtbegin.o) .ctors)
                [!provide]                        PROVIDE (__init_array_end = .)

.fini_array     0x00000000000016b4        0x0
                [!provide]                        PROVIDE (__fini_array_start = .)
 *(SORT_BY_INIT_PRIORITY(.fini_array.*) SORT_BY_INIT_PRIORITY(.dtors.*))
 *(.fini_array EXCLUDE_FILE(*crtend?.o *crtend.o *crtbegin?.o *crtbegin.o) .dtors)
                [!provide]                        PROVIDE (__fini_array_end = .)

.ctors
 *crtbegin.o(.ctors)
 *crtbegin?.o(.ctors)
 *(EXCLUDE_FILE(*crtend?.o *crtend.o) .ctors)
 *(SORT_BY_NAME(.ctors.*))
 *(.ctors)

.dtors
 *crtbegin.o(.dtors)
 *crtbegin?.o(.dtors)
 *(EXCLUDE_FILE(*crtend?.o *crtend.o) .dtors)
 *(SORT_BY_NAME(.dtors.*))
 *(.dtors)

.dalign         0x0000000020000000        0x0 load address 0x00000000000016b4
                0x0000000020000000                . = ALIGN (0x4)
                0x0000000020000000                PROVIDE (_data_vma = .)

.dlalign        0x00000000000016b4        0x0
                0x00000000000016b4                . = ALIGN (0x4)
                0x00000000000016b4                PROVIDE (_data_lma = .)

.data           0x0000000020000000       0x38 load address 0x00000000000016b4
 *(.gnu.linkonce.r.*)
 *(.data .data.*)
 .data.APBAHBPrescTable
                0x0000000020000000       0x10 ./CH32V10x/CH32V10x_p/CH32V10x_Lib/ch32v10x_rcc.o
 *(.gnu.linkonce.d.*)
                0x0000000020000010                . = ALIGN (0x8)
                0x0000000020000810                PROVIDE (__global_pointer$ = (. + 0x800))
 *(.sdata .sdata.*)
 .sdata.rgb_blue
                0x0000000020000010        0x3 ./CODE/car_light.o
 *fill*         0x0000000020000013        0x1 
 .sdata.rgb_cyan
                0x0000000020000014        0x3 ./CODE/car_light.o
 *fill*         0x0000000020000017        0x1 
 .sdata.rgb_green
                0x0000000020000018        0x3 ./CODE/car_light.o
 *fill*         0x000000002000001b        0x1 
 .sdata.rgb_purple
                0x000000002000001c        0x3 ./CODE/car_light.o
 *fill*         0x000000002000001f        0x1 
 .sdata.rgb_red
                0x0000000020000020        0x3 ./CODE/car_light.o
 *fill*         0x0000000020000023        0x1 
 .sdata.rgb_user_define
                0x0000000020000024        0x3 ./CODE/car_light.o
 *fill*         0x0000000020000027        0x1 
 .sdata.rgb_white
                0x0000000020000028        0x3 ./CODE/car_light.o
 *fill*         0x000000002000002b        0x1 
 .sdata.rgb_yellow
                0x000000002000002c        0x3 ./CODE/car_light.o
 *fill*         0x000000002000002f        0x1 
 .sdata.ADCPrescTable
                0x0000000020000030        0x4 ./CH32V10x/CH32V10x_p/CH32V10x_Lib/ch32v10x_rcc.o
 *(.sdata2.*)
 *(.gnu.linkonce.s.*)
                0x0000000020000038                . = ALIGN (0x8)
 *fill*         0x0000000020000034        0x4 
 *(.srodata.cst16)
 *(.srodata.cst8)
 *(.srodata.cst4)
 *(.srodata.cst2)
 *(.srodata .srodata.*)
                0x0000000020000038                . = ALIGN (0x4)
                0x0000000020000038                PROVIDE (_edata = .)

.bss            0x0000000020000038       0x18 load address 0x00000000000016ec
                0x0000000020000038                . = ALIGN (0x4)
                0x0000000020000038                PROVIDE (_sbss = .)
 *(.sbss*)
 .sbss.sys_clk  0x0000000020000038        0x4 ./hefei_libraries/common.o
                0x0000000020000038                sys_clk
 .sbss.p_ms     0x000000002000003c        0x2 ./hefei_libraries/delay.o
 .sbss.p_us     0x000000002000003e        0x1 ./hefei_libraries/delay.o
 *fill*         0x000000002000003f        0x1 
 .sbss.rgb_off  0x0000000020000040        0x3 ./CODE/car_light.o
 *(.gnu.linkonce.sb.*)
 *(.bss*)
 *fill*         0x0000000020000043        0x1 
 .bss.irq_status
                0x0000000020000044        0xc ./hefei_libraries/common.o
                0x0000000020000044                irq_status
 *(.gnu.linkonce.b.*)
 *(COMMON*)
                0x0000000020000050                . = ALIGN (0x4)
                0x0000000020000050                PROVIDE (_ebss = .)
                [!provide]                        PROVIDE (_end = _ebss)
                0x0000000020000050                PROVIDE (end = .)

.stack          0x0000000020004800      0x800
                0x0000000020004800                . = ALIGN (0x4)
                [!provide]                        PROVIDE (_susrstack = .)
                0x0000000020005000                . = (. + __stack_size)
 *fill*         0x0000000020004800      0x800 
                0x0000000020005000                PROVIDE (_eusrstack = .)
OUTPUT(02-Car_Light.elf elf32-littleriscv)

.debug_info     0x0000000000000000    0x13757
 .debug_info    0x0000000000000000     0x1450 ./user_c/isr.o
 .debug_info    0x0000000000001450      0xcda ./user_c/main.o
 .debug_info    0x000000000000212a      0xea7 ./hefei_peripheral/HF_L9110S_2.o
 .debug_info    0x0000000000002fd1     0x115d ./hefei_peripheral/HF_WS2812b.o
 .debug_info    0x000000000000412e      0xd2f ./hefei_libraries/board/board.o
 .debug_info    0x0000000000004e5d      0x27c ./hefei_libraries/board/clock_config.o
 .debug_info    0x00000000000050d9      0x9e2 ./hefei_libraries/common.o
 .debug_info    0x0000000000005abb      0xbab ./hefei_libraries/delay.o
 .debug_info    0x0000000000006666      0xf4c ./hefei_libraries/hf_gpio.o
 .debug_info    0x00000000000075b2      0xed8 ./hefei_libraries/hf_nvic.o
 .debug_info    0x000000000000848a     0x13dd ./hefei_libraries/hf_pwm.o
 .debug_info    0x0000000000009867      0xdf9 ./hefei_libraries/hf_tim.o
 .debug_info    0x000000000000a660     0x1379 ./hefei_libraries/hf_uart.o
 .debug_info    0x000000000000b9d9      0xf31 ./CODE/car_4keys.o
 .debug_info    0x000000000000c90a      0xe4e ./CODE/car_init.o
 .debug_info    0x000000000000d758     0x1b68 ./CODE/car_light.o
 .debug_info    0x000000000000f2c0       0x22 ./CH32V10x/CH32V10x_p/Startup/startup_ch32v10x.o
 .debug_info    0x000000000000f2e2      0x451 ./CH32V10x/CH32V10x_p/CH32V10x_Lib/ch32v10x_dma.o
 .debug_info    0x000000000000f733      0x353 ./CH32V10x/CH32V10x_p/CH32V10x_Lib/ch32v10x_exti.o
 .debug_info    0x000000000000fa86      0x7e1 ./CH32V10x/CH32V10x_p/CH32V10x_Lib/ch32v10x_gpio.o
 .debug_info    0x0000000000010267      0x90a ./CH32V10x/CH32V10x_p/CH32V10x_Lib/ch32v10x_rcc.o
 .debug_info    0x0000000000010b71     0x20d2 ./CH32V10x/CH32V10x_p/CH32V10x_Lib/ch32v10x_tim.o
 .debug_info    0x0000000000012c43      0xb14 ./CH32V10x/CH32V10x_p/CH32V10x_Lib/ch32v10x_usart.o

.debug_abbrev   0x0000000000000000     0x3673
 .debug_abbrev  0x0000000000000000      0x2d1 ./user_c/isr.o
 .debug_abbrev  0x00000000000002d1      0x25b ./user_c/main.o
 .debug_abbrev  0x000000000000052c      0x280 ./hefei_peripheral/HF_L9110S_2.o
 .debug_abbrev  0x00000000000007ac      0x2e7 ./hefei_peripheral/HF_WS2812b.o
 .debug_abbrev  0x0000000000000a93      0x2c7 ./hefei_libraries/board/board.o
 .debug_abbrev  0x0000000000000d5a      0x102 ./hefei_libraries/board/clock_config.o
 .debug_abbrev  0x0000000000000e5c      0x1e7 ./hefei_libraries/common.o
 .debug_abbrev  0x0000000000001043      0x24c ./hefei_libraries/delay.o
 .debug_abbrev  0x000000000000128f      0x2f0 ./hefei_libraries/hf_gpio.o
 .debug_abbrev  0x000000000000157f      0x2ef ./hefei_libraries/hf_nvic.o
 .debug_abbrev  0x000000000000186e      0x2fe ./hefei_libraries/hf_pwm.o
 .debug_abbrev  0x0000000000001b6c      0x2b3 ./hefei_libraries/hf_tim.o
 .debug_abbrev  0x0000000000001e1f      0x30f ./hefei_libraries/hf_uart.o
 .debug_abbrev  0x000000000000212e      0x2b8 ./CODE/car_4keys.o
 .debug_abbrev  0x00000000000023e6      0x280 ./CODE/car_init.o
 .debug_abbrev  0x0000000000002666      0x302 ./CODE/car_light.o
 .debug_abbrev  0x0000000000002968       0x12 ./CH32V10x/CH32V10x_p/Startup/startup_ch32v10x.o
 .debug_abbrev  0x000000000000297a      0x1f7 ./CH32V10x/CH32V10x_p/CH32V10x_Lib/ch32v10x_dma.o
 .debug_abbrev  0x0000000000002b71      0x1b6 ./CH32V10x/CH32V10x_p/CH32V10x_Lib/ch32v10x_exti.o
 .debug_abbrev  0x0000000000002d27      0x208 ./CH32V10x/CH32V10x_p/CH32V10x_Lib/ch32v10x_gpio.o
 .debug_abbrev  0x0000000000002f2f      0x246 ./CH32V10x/CH32V10x_p/CH32V10x_Lib/ch32v10x_rcc.o
 .debug_abbrev  0x0000000000003175      0x2fd ./CH32V10x/CH32V10x_p/CH32V10x_Lib/ch32v10x_tim.o
 .debug_abbrev  0x0000000000003472      0x201 ./CH32V10x/CH32V10x_p/CH32V10x_Lib/ch32v10x_usart.o

.debug_aranges  0x0000000000000000      0x9b8
 .debug_aranges
                0x0000000000000000       0x80 ./user_c/isr.o
 .debug_aranges
                0x0000000000000080       0x20 ./user_c/main.o
 .debug_aranges
                0x00000000000000a0       0x30 ./hefei_peripheral/HF_L9110S_2.o
 .debug_aranges
                0x00000000000000d0       0x28 ./hefei_peripheral/HF_WS2812b.o
 .debug_aranges
                0x00000000000000f8       0x28 ./hefei_libraries/board/board.o
 .debug_aranges
                0x0000000000000120       0x20 ./hefei_libraries/board/clock_config.o
 .debug_aranges
                0x0000000000000140       0x18 ./hefei_libraries/common.o
 .debug_aranges
                0x0000000000000158       0x30 ./hefei_libraries/delay.o
 .debug_aranges
                0x0000000000000188       0x40 ./hefei_libraries/hf_gpio.o
 .debug_aranges
                0x00000000000001c8       0x40 ./hefei_libraries/hf_nvic.o
 .debug_aranges
                0x0000000000000208       0x40 ./hefei_libraries/hf_pwm.o
 .debug_aranges
                0x0000000000000248       0x20 ./hefei_libraries/hf_tim.o
 .debug_aranges
                0x0000000000000268       0x58 ./hefei_libraries/hf_uart.o
 .debug_aranges
                0x00000000000002c0       0x28 ./CODE/car_4keys.o
 .debug_aranges
                0x00000000000002e8       0x28 ./CODE/car_init.o
 .debug_aranges
                0x0000000000000310       0x40 ./CODE/car_light.o
 .debug_aranges
                0x0000000000000350       0x30 ./CH32V10x/CH32V10x_p/Startup/startup_ch32v10x.o
 .debug_aranges
                0x0000000000000380       0x60 ./CH32V10x/CH32V10x_p/CH32V10x_Lib/ch32v10x_dma.o
 .debug_aranges
                0x00000000000003e0       0x50 ./CH32V10x/CH32V10x_p/CH32V10x_Lib/ch32v10x_exti.o
 .debug_aranges
                0x0000000000000430       0xa0 ./CH32V10x/CH32V10x_p/CH32V10x_Lib/ch32v10x_gpio.o
 .debug_aranges
                0x00000000000004d0      0x118 ./CH32V10x/CH32V10x_p/CH32V10x_Lib/ch32v10x_rcc.o
 .debug_aranges
                0x00000000000005e8      0x2d0 ./CH32V10x/CH32V10x_p/CH32V10x_Lib/ch32v10x_tim.o
 .debug_aranges
                0x00000000000008b8      0x100 ./CH32V10x/CH32V10x_p/CH32V10x_Lib/ch32v10x_usart.o

.debug_ranges   0x0000000000000000      0x8b0
 .debug_ranges  0x0000000000000000       0x70 ./user_c/isr.o
 .debug_ranges  0x0000000000000070       0x10 ./user_c/main.o
 .debug_ranges  0x0000000000000080       0x20 ./hefei_peripheral/HF_L9110S_2.o
 .debug_ranges  0x00000000000000a0       0x18 ./hefei_peripheral/HF_WS2812b.o
 .debug_ranges  0x00000000000000b8       0x18 ./hefei_libraries/board/board.o
 .debug_ranges  0x00000000000000d0       0x30 ./hefei_libraries/board/clock_config.o
 .debug_ranges  0x0000000000000100       0x20 ./hefei_libraries/delay.o
 .debug_ranges  0x0000000000000120       0x30 ./hefei_libraries/hf_gpio.o
 .debug_ranges  0x0000000000000150       0x30 ./hefei_libraries/hf_nvic.o
 .debug_ranges  0x0000000000000180       0x30 ./hefei_libraries/hf_pwm.o
 .debug_ranges  0x00000000000001b0       0x10 ./hefei_libraries/hf_tim.o
 .debug_ranges  0x00000000000001c0       0x48 ./hefei_libraries/hf_uart.o
 .debug_ranges  0x0000000000000208       0x18 ./CODE/car_4keys.o
 .debug_ranges  0x0000000000000220       0x18 ./CODE/car_init.o
 .debug_ranges  0x0000000000000238       0x30 ./CODE/car_light.o
 .debug_ranges  0x0000000000000268       0x28 ./CH32V10x/CH32V10x_p/Startup/startup_ch32v10x.o
 .debug_ranges  0x0000000000000290       0x50 ./CH32V10x/CH32V10x_p/CH32V10x_Lib/ch32v10x_dma.o
 .debug_ranges  0x00000000000002e0       0x40 ./CH32V10x/CH32V10x_p/CH32V10x_Lib/ch32v10x_exti.o
 .debug_ranges  0x0000000000000320       0x90 ./CH32V10x/CH32V10x_p/CH32V10x_Lib/ch32v10x_gpio.o
 .debug_ranges  0x00000000000003b0      0x108 ./CH32V10x/CH32V10x_p/CH32V10x_Lib/ch32v10x_rcc.o
 .debug_ranges  0x00000000000004b8      0x308 ./CH32V10x/CH32V10x_p/CH32V10x_Lib/ch32v10x_tim.o
 .debug_ranges  0x00000000000007c0       0xf0 ./CH32V10x/CH32V10x_p/CH32V10x_Lib/ch32v10x_usart.o

.debug_line     0x0000000000000000     0xd339
 .debug_line    0x0000000000000000      0x7f5 ./user_c/isr.o
 .debug_line    0x00000000000007f5      0x448 ./user_c/main.o
 .debug_line    0x0000000000000c3d      0x554 ./hefei_peripheral/HF_L9110S_2.o
 .debug_line    0x0000000000001191      0x60f ./hefei_peripheral/HF_WS2812b.o
 .debug_line    0x00000000000017a0      0x51c ./hefei_libraries/board/board.o
 .debug_line    0x0000000000001cbc      0x50f ./hefei_libraries/board/clock_config.o
 .debug_line    0x00000000000021cb      0x22a ./hefei_libraries/common.o
 .debug_line    0x00000000000023f5      0x4ef ./hefei_libraries/delay.o
 .debug_line    0x00000000000028e4      0x6ee ./hefei_libraries/hf_gpio.o
 .debug_line    0x0000000000002fd2      0x5d0 ./hefei_libraries/hf_nvic.o
 .debug_line    0x00000000000035a2      0x8a1 ./hefei_libraries/hf_pwm.o
 .debug_line    0x0000000000003e43      0x4a7 ./hefei_libraries/hf_tim.o
 .debug_line    0x00000000000042ea      0x894 ./hefei_libraries/hf_uart.o
 .debug_line    0x0000000000004b7e      0x4fb ./CODE/car_4keys.o
 .debug_line    0x0000000000005079      0x48f ./CODE/car_init.o
 .debug_line    0x0000000000005508     0x11b2 ./CODE/car_light.o
 .debug_line    0x00000000000066ba      0x247 ./CH32V10x/CH32V10x_p/Startup/startup_ch32v10x.o
 .debug_line    0x0000000000006901      0x808 ./CH32V10x/CH32V10x_p/CH32V10x_Lib/ch32v10x_dma.o
 .debug_line    0x0000000000007109      0x535 ./CH32V10x/CH32V10x_p/CH32V10x_Lib/ch32v10x_exti.o
 .debug_line    0x000000000000763e      0xc5c ./CH32V10x/CH32V10x_p/CH32V10x_Lib/ch32v10x_gpio.o
 .debug_line    0x000000000000829a      0xfe1 ./CH32V10x/CH32V10x_p/CH32V10x_Lib/ch32v10x_rcc.o
 .debug_line    0x000000000000927b     0x3116 ./CH32V10x/CH32V10x_p/CH32V10x_Lib/ch32v10x_tim.o
 .debug_line    0x000000000000c391      0xfa8 ./CH32V10x/CH32V10x_p/CH32V10x_Lib/ch32v10x_usart.o

.debug_str      0x0000000000000000     0x3582
 .debug_str     0x0000000000000000      0xc09 ./user_c/isr.o
                                        0xc9a (size before relaxing)
 .debug_str     0x0000000000000c09       0x70 ./user_c/main.o
                                        0x89e (size before relaxing)
 .debug_str     0x0000000000000c79      0x1e1 ./hefei_peripheral/HF_L9110S_2.o
                                        0xa0b (size before relaxing)
 .debug_str     0x0000000000000e5a       0xca ./hefei_peripheral/HF_WS2812b.o
                                        0xbac (size before relaxing)
 .debug_str     0x0000000000000f24      0x170 ./hefei_libraries/board/board.o
                                        0x829 (size before relaxing)
 .debug_str     0x0000000000001094       0xad ./hefei_libraries/board/clock_config.o
                                        0x2ce (size before relaxing)
 .debug_str     0x0000000000001141       0x44 ./hefei_libraries/common.o
                                        0x64d (size before relaxing)
 .debug_str     0x0000000000001185       0xdf ./hefei_libraries/delay.o
                                        0x727 (size before relaxing)
 .debug_str     0x0000000000001264      0x224 ./hefei_libraries/hf_gpio.o
                                        0x884 (size before relaxing)
 .debug_str     0x0000000000001488      0x3ef ./hefei_libraries/hf_nvic.o
                                        0xa9a (size before relaxing)
 .debug_str     0x0000000000001877      0x264 ./hefei_libraries/hf_pwm.o
                                        0xb95 (size before relaxing)
 .debug_str     0x0000000000001adb      0x11f ./hefei_libraries/hf_tim.o
                                        0x8fc (size before relaxing)
 .debug_str     0x0000000000001bfa      0x1bf ./hefei_libraries/hf_uart.o
                                        0xc21 (size before relaxing)
 .debug_str     0x0000000000001db9       0x50 ./CODE/car_4keys.o
                                        0x8fb (size before relaxing)
 .debug_str     0x0000000000001e09       0x58 ./CODE/car_init.o
                                        0x974 (size before relaxing)
 .debug_str     0x0000000000001e61       0x94 ./CODE/car_light.o
                                        0x914 (size before relaxing)
 .debug_str     0x0000000000001ef5       0x64 ./CH32V10x/CH32V10x_p/Startup/startup_ch32v10x.o
                                         0xa0 (size before relaxing)
 .debug_str     0x0000000000001f59      0x231 ./CH32V10x/CH32V10x_p/CH32V10x_Lib/ch32v10x_dma.o
                                        0x432 (size before relaxing)
 .debug_str     0x000000000000218a      0x1cb ./CH32V10x/CH32V10x_p/CH32V10x_Lib/ch32v10x_exti.o
                                        0x3cc (size before relaxing)
 .debug_str     0x0000000000002355      0x23c ./CH32V10x/CH32V10x_p/CH32V10x_Lib/ch32v10x_gpio.o
                                        0x57a (size before relaxing)
 .debug_str     0x0000000000002591      0x3cd ./CH32V10x/CH32V10x_p/CH32V10x_Lib/ch32v10x_rcc.o
                                        0x6a4 (size before relaxing)
 .debug_str     0x000000000000295e      0x8d4 ./CH32V10x/CH32V10x_p/CH32V10x_Lib/ch32v10x_tim.o
                                        0xeba (size before relaxing)
 .debug_str     0x0000000000003232      0x350 ./CH32V10x/CH32V10x_p/CH32V10x_Lib/ch32v10x_usart.o
                                        0x756 (size before relaxing)

.comment        0x0000000000000000       0x33
 .comment       0x0000000000000000       0x33 ./user_c/isr.o
                                         0x34 (size before relaxing)
 .comment       0x0000000000000033       0x34 ./user_c/main.o
 .comment       0x0000000000000033       0x34 ./hefei_peripheral/HF_L9110S_2.o
 .comment       0x0000000000000033       0x34 ./hefei_peripheral/HF_WS2812b.o
 .comment       0x0000000000000033       0x34 ./hefei_libraries/board/board.o
 .comment       0x0000000000000033       0x34 ./hefei_libraries/board/clock_config.o
 .comment       0x0000000000000033       0x34 ./hefei_libraries/common.o
 .comment       0x0000000000000033       0x34 ./hefei_libraries/delay.o
 .comment       0x0000000000000033       0x34 ./hefei_libraries/hf_gpio.o
 .comment       0x0000000000000033       0x34 ./hefei_libraries/hf_nvic.o
 .comment       0x0000000000000033       0x34 ./hefei_libraries/hf_pwm.o
 .comment       0x0000000000000033       0x34 ./hefei_libraries/hf_tim.o
 .comment       0x0000000000000033       0x34 ./hefei_libraries/hf_uart.o
 .comment       0x0000000000000033       0x34 ./CODE/car_4keys.o
 .comment       0x0000000000000033       0x34 ./CODE/car_init.o
 .comment       0x0000000000000033       0x34 ./CODE/car_light.o
 .comment       0x0000000000000033       0x34 ./CH32V10x/CH32V10x_p/CH32V10x_Lib/ch32v10x_dma.o
 .comment       0x0000000000000033       0x34 ./CH32V10x/CH32V10x_p/CH32V10x_Lib/ch32v10x_exti.o
 .comment       0x0000000000000033       0x34 ./CH32V10x/CH32V10x_p/CH32V10x_Lib/ch32v10x_gpio.o
 .comment       0x0000000000000033       0x34 ./CH32V10x/CH32V10x_p/CH32V10x_Lib/ch32v10x_rcc.o
 .comment       0x0000000000000033       0x34 ./CH32V10x/CH32V10x_p/CH32V10x_Lib/ch32v10x_tim.o
 .comment       0x0000000000000033       0x34 ./CH32V10x/CH32V10x_p/CH32V10x_Lib/ch32v10x_usart.o

.debug_frame    0x0000000000000000     0x1568
 .debug_frame   0x0000000000000000      0x214 ./user_c/isr.o
 .debug_frame   0x0000000000000214       0x34 ./user_c/main.o
 .debug_frame   0x0000000000000248       0x84 ./hefei_peripheral/HF_L9110S_2.o
 .debug_frame   0x00000000000002cc       0x5c ./hefei_peripheral/HF_WS2812b.o
 .debug_frame   0x0000000000000328       0x50 ./hefei_libraries/board/board.o
 .debug_frame   0x0000000000000378       0x2c ./hefei_libraries/board/clock_config.o
 .debug_frame   0x00000000000003a4       0x40 ./hefei_libraries/delay.o
 .debug_frame   0x00000000000003e4       0x90 ./hefei_libraries/hf_gpio.o
 .debug_frame   0x0000000000000474       0x78 ./hefei_libraries/hf_nvic.o
 .debug_frame   0x00000000000004ec       0x84 ./hefei_libraries/hf_pwm.o
 .debug_frame   0x0000000000000570       0x3c ./hefei_libraries/hf_tim.o
 .debug_frame   0x00000000000005ac      0x120 ./hefei_libraries/hf_uart.o
 .debug_frame   0x00000000000006cc       0x44 ./CODE/car_4keys.o
 .debug_frame   0x0000000000000710       0x3c ./CODE/car_init.o
 .debug_frame   0x000000000000074c       0xf4 ./CODE/car_light.o
 .debug_frame   0x0000000000000840       0xc0 ./CH32V10x/CH32V10x_p/CH32V10x_Lib/ch32v10x_dma.o
 .debug_frame   0x0000000000000900       0x90 ./CH32V10x/CH32V10x_p/CH32V10x_Lib/ch32v10x_exti.o
 .debug_frame   0x0000000000000990      0x140 ./CH32V10x/CH32V10x_p/CH32V10x_Lib/ch32v10x_gpio.o
 .debug_frame   0x0000000000000ad0      0x220 ./CH32V10x/CH32V10x_p/CH32V10x_Lib/ch32v10x_rcc.o
 .debug_frame   0x0000000000000cf0      0x668 ./CH32V10x/CH32V10x_p/CH32V10x_Lib/ch32v10x_tim.o
 .debug_frame   0x0000000000001358      0x210 ./CH32V10x/CH32V10x_p/CH32V10x_Lib/ch32v10x_usart.o

.debug_loc      0x0000000000000000     0x51ad
 .debug_loc     0x0000000000000000       0x29 ./user_c/main.o
 .debug_loc     0x0000000000000029      0x159 ./hefei_peripheral/HF_L9110S_2.o
 .debug_loc     0x0000000000000182       0xa2 ./hefei_peripheral/HF_WS2812b.o
 .debug_loc     0x0000000000000224       0xec ./hefei_libraries/board/board.o
 .debug_loc     0x0000000000000310       0x42 ./hefei_libraries/delay.o
 .debug_loc     0x0000000000000352      0x488 ./hefei_libraries/hf_gpio.o
 .debug_loc     0x00000000000007da       0xd0 ./hefei_libraries/hf_nvic.o
 .debug_loc     0x00000000000008aa      0x6bf ./hefei_libraries/hf_pwm.o
 .debug_loc     0x0000000000000f69       0xcf ./hefei_libraries/hf_tim.o
 .debug_loc     0x0000000000001038      0x48c ./hefei_libraries/hf_uart.o
 .debug_loc     0x00000000000014c4       0x71 ./CODE/car_4keys.o
 .debug_loc     0x0000000000001535      0x971 ./CODE/car_light.o
 .debug_loc     0x0000000000001ea6      0x183 ./CH32V10x/CH32V10x_p/CH32V10x_Lib/ch32v10x_dma.o
 .debug_loc     0x0000000000002029      0x181 ./CH32V10x/CH32V10x_p/CH32V10x_Lib/ch32v10x_exti.o
 .debug_loc     0x00000000000021aa      0x647 ./CH32V10x/CH32V10x_p/CH32V10x_Lib/ch32v10x_gpio.o
 .debug_loc     0x00000000000027f1      0x76c ./CH32V10x/CH32V10x_p/CH32V10x_Lib/ch32v10x_rcc.o
 .debug_loc     0x0000000000002f5d     0x1aa3 ./CH32V10x/CH32V10x_p/CH32V10x_Lib/ch32v10x_tim.o
 .debug_loc     0x0000000000004a00      0x7ad ./CH32V10x/CH32V10x_p/CH32V10x_Lib/ch32v10x_usart.o

.stabstr        0x0000000000000000      0x183
 .stabstr       0x0000000000000000      0x183 d:/smart-car/mounriver_studio_setup_v151/mounriver/mounriver_studio/toolchain/risc-v embedded gcc/bin/../lib/gcc/riscv-none-embed/8.2.0/../../../../riscv-none-embed/lib/rv32imac/ilp32\libnosys.a(close.o)
